 test_app

 Timestamp is 612aab73 (Sun Aug 29 00:32:35 2021)

 Preferred load address is 0000000140000000

 Start         Length     Name                   Class
 0001:00000000 00008c30H .text$mn                CODE
 0001:00008c30 00000040H .text$mn$00             CODE
 0001:00008c70 00000089H .text$x                 CODE
 0002:00000000 000001e0H .idata$5                DATA
 0002:000001e0 00000028H .00cfg                  DATA
 0002:00000208 00000008H .CRT$XCA                DATA
 0002:00000210 00000008H .CRT$XCAA               DATA
 0002:00000218 00000008H .CRT$XCZ                DATA
 0002:00000220 00000008H .CRT$XIA                DATA
 0002:00000228 00000008H .CRT$XIAA               DATA
 0002:00000230 00000008H .CRT$XIAC               DATA
 0002:00000238 00000008H .CRT$XIZ                DATA
 0002:00000240 00000008H .CRT$XPA                DATA
 0002:00000248 00000008H .CRT$XPZ                DATA
 0002:00000250 00000008H .CRT$XTA                DATA
 0002:00000258 00000008H .CRT$XTZ                DATA
 0002:00000260 00000000H .gehcont$y              DATA
 0002:00000260 00000000H .gfids$y                DATA
 0002:00000260 00003ca0H .rdata                  DATA
 0002:00003f00 00000000H .rdata$CastGuardVftablesA DATA
 0002:00003f00 00000000H .rdata$CastGuardVftablesC DATA
 0002:00003f00 000002e0H .rdata$zzzdbg           DATA
 0002:000041e0 00000008H .rtc$IAA                DATA
 0002:000041e8 00000008H .rtc$IZZ                DATA
 0002:000041f0 00000008H .rtc$TAA                DATA
 0002:000041f8 00000008H .rtc$TZZ                DATA
 0002:00004200 00000230H .xdata                  DATA
 0002:00004430 00003004H .edata                  DATA
 0002:00007434 000000b4H .idata$2                DATA
 0002:000074e8 00000018H .idata$3                DATA
 0002:00007500 000001e0H .idata$4                DATA
 0002:000076e0 0000061eH .idata$6                DATA
 0003:00000000 00000780H .data                   DATA
 0003:00000780 00000620H .bss                    DATA
 0004:00000000 000011d0H .pdata                  DATA
 0005:00000000 00000060H .rsrc$01                DATA
 0005:00000060 00000180H .rsrc$02                DATA

  Address         Publics by Value              Rva+Base               Lib:Object

 0000:00000000       __enclave_config           0000000000000000     <absolute>
 0000:00000000       ___safe_se_handler_count   0000000000000000     <absolute>
 0000:00000000       __arm64x_extra_rfe_table_size 0000000000000000     <absolute>
 0000:00000000       __volatile_metadata        0000000000000000     <absolute>
 0000:00000000       __guard_longjmp_count      0000000000000000     <absolute>
 0000:00000000       __guard_iat_count          0000000000000000     <absolute>
 0000:00000000       __hybrid_code_map          0000000000000000     <absolute>
 0000:00000000       __dynamic_value_reloc_table 0000000000000000     <absolute>
 0000:00000000       __x64_code_ranges_to_entry_points 0000000000000000     <absolute>
 0000:00000000       __guard_check_icall_a64n_fptr 0000000000000000     <absolute>
 0000:00000000       __arm64x_redirection_metadata 0000000000000000     <absolute>
 0000:00000000       ___safe_se_handler_table   0000000000000000     <absolute>
 0000:00000000       __arm64x_extra_rfe_table   0000000000000000     <absolute>
 0000:00000000       __guard_eh_cont_count      0000000000000000     <absolute>
 0000:00000000       __hybrid_auxiliary_iat     0000000000000000     <absolute>
 0000:00000000       __arm64x_redirection_metadata_count 0000000000000000     <absolute>
 0000:00000000       __guard_fids_table         0000000000000000     <absolute>
 0000:00000000       __AbsoluteZero             0000000000000000     <absolute>
 0000:00000000       __x64_code_ranges_to_entry_points_count 0000000000000000     <absolute>
 0000:00000000       __guard_eh_cont_table      0000000000000000     <absolute>
 0000:00000000       __hybrid_auxiliary_iat_copy 0000000000000000     <absolute>
 0000:00000000       __guard_fids_count         0000000000000000     <absolute>
 0000:00000000       __arm64x_native_entrypoint 0000000000000000     <absolute>
 0000:00000000       __guard_iat_table          0000000000000000     <absolute>
 0000:00000000       __guard_longjmp_table      0000000000000000     <absolute>
 0000:00000000       __hybrid_code_map_count    0000000000000000     <absolute>
 0000:00000100       __guard_flags              0000000000000100     <absolute>
 0000:00000000       __ImageBase                0000000140000000     <linker-defined>
 0001:00000000       main                       0000000140001000 f   test_app.obj
 0001:00000090       ??$?6U?$char_traits@D@std@@@std@@YAAEAV?$basic_ostream@DU?$char_traits@D@std@@@0@AEAV10@PEBD@Z 0000000140001090 f i test_app.obj
 0001:00000250       ??1sentry@?$basic_ostream@DU?$char_traits@D@std@@@std@@QEAA@XZ 0000000140001250 f i test_app.obj
 0001:00000290       ??1_Sentry_base@?$basic_ostream@DU?$char_traits@D@std@@@std@@QEAA@XZ 0000000140001290 f i test_app.obj
 0001:000002c0       initialize_syscall_table_by_mapped 00000001400012c0 f   HIGU_ntcall:syscall_table_initialize.obj
 0001:00000490       NtAcceptConnectPort        0000000140001490 f   HIGU_ntcall:ntdll_functions.obj
 0001:000004f0       NtAccessCheck              00000001400014f0 f   HIGU_ntcall:ntdll_functions.obj
 0001:00000570       NtAccessCheckAndAuditAlarm 0000000140001570 f   HIGU_ntcall:ntdll_functions.obj
 0001:00000610       NtAccessCheckByType        0000000140001610 f   HIGU_ntcall:ntdll_functions.obj
 0001:000006b0       NtAccessCheckByTypeAndAuditAlarm 00000001400016b0 f   HIGU_ntcall:ntdll_functions.obj
 0001:000007a0       NtAccessCheckByTypeResultList 00000001400017a0 f   HIGU_ntcall:ntdll_functions.obj
 0001:00000840       NtAccessCheckByTypeResultListAndAuditAlarm 0000000140001840 f   HIGU_ntcall:ntdll_functions.obj
 0001:00000930       NtAccessCheckByTypeResultListAndAuditAlarmByHandle 0000000140001930 f   HIGU_ntcall:ntdll_functions.obj
 0001:00000a30       NtAddAtom                  0000000140001a30 f   HIGU_ntcall:ntdll_functions.obj
 0001:00000a70       NtAddBootEntry             0000000140001a70 f   HIGU_ntcall:ntdll_functions.obj
 0001:00000ab0       NtAddDriverEntry           0000000140001ab0 f   HIGU_ntcall:ntdll_functions.obj
 0001:00000af0       NtAdjustGroupsToken        0000000140001af0 f   HIGU_ntcall:ntdll_functions.obj
 0001:00000b50       NtAdjustPrivilegesToken    0000000140001b50 f   HIGU_ntcall:ntdll_functions.obj
 0001:00000bb0       NtAlertResumeThread        0000000140001bb0 f   HIGU_ntcall:ntdll_functions.obj
 0001:00000bf0       NtAlertThread              0000000140001bf0 f   HIGU_ntcall:ntdll_functions.obj
 0001:00000c20       NtAllocateLocallyUniqueId  0000000140001c20 f   HIGU_ntcall:ntdll_functions.obj
 0001:00000c50       NtAllocateReserveObject    0000000140001c50 f   HIGU_ntcall:ntdll_functions.obj
 0001:00000c90       NtAllocateUserPhysicalPages 0000000140001c90 f   HIGU_ntcall:ntdll_functions.obj
 0001:00000cd0       NtAllocateUuids            0000000140001cd0 f   HIGU_ntcall:ntdll_functions.obj
 0001:00000d10       NtAllocateVirtualMemory    0000000140001d10 f   HIGU_ntcall:ntdll_functions.obj
 0001:00000d70       NtAlpcAcceptConnectPort    0000000140001d70 f   HIGU_ntcall:ntdll_functions.obj
 0001:00000df0       NtAlpcCancelMessage        0000000140001df0 f   HIGU_ntcall:ntdll_functions.obj
 0001:00000e30       NtAlpcConnectPort          0000000140001e30 f   HIGU_ntcall:ntdll_functions.obj
 0001:00000ed0       NtAlpcCreatePort           0000000140001ed0 f   HIGU_ntcall:ntdll_functions.obj
 0001:00000f10       NtAlpcCreatePortSection    0000000140001f10 f   HIGU_ntcall:ntdll_functions.obj
 0001:00000f70       NtAlpcCreateResourceReserve 0000000140001f70 f   HIGU_ntcall:ntdll_functions.obj
 0001:00000fb0       NtAlpcCreateSectionView    0000000140001fb0 f   HIGU_ntcall:ntdll_functions.obj
 0001:00000ff0       NtAlpcCreateSecurityContext 0000000140001ff0 f   HIGU_ntcall:ntdll_functions.obj
 0001:00001030       NtAlpcDeletePortSection    0000000140002030 f   HIGU_ntcall:ntdll_functions.obj
 0001:00001070       NtAlpcDeleteResourceReserve 0000000140002070 f   HIGU_ntcall:ntdll_functions.obj
 0001:000010b0       NtAlpcDeleteSectionView    00000001400020b0 f   HIGU_ntcall:ntdll_functions.obj
 0001:000010f0       NtAlpcDeleteSecurityContext 00000001400020f0 f   HIGU_ntcall:ntdll_functions.obj
 0001:00001130       NtAlpcDisconnectPort       0000000140002130 f   HIGU_ntcall:ntdll_functions.obj
 0001:00001170       NtAlpcImpersonateClientOfPort 0000000140002170 f   HIGU_ntcall:ntdll_functions.obj
 0001:000011b0       NtAlpcOpenSenderProcess    00000001400021b0 f   HIGU_ntcall:ntdll_functions.obj
 0001:00001210       NtAlpcOpenSenderThread     0000000140002210 f   HIGU_ntcall:ntdll_functions.obj
 0001:00001270       NtAlpcQueryInformation     0000000140002270 f   HIGU_ntcall:ntdll_functions.obj
 0001:000012c0       NtAlpcQueryInformationMessage 00000001400022c0 f   HIGU_ntcall:ntdll_functions.obj
 0001:00001320       NtAlpcRevokeSecurityContext 0000000140002320 f   HIGU_ntcall:ntdll_functions.obj
 0001:00001360       NtAlpcSendWaitReceivePort  0000000140002360 f   HIGU_ntcall:ntdll_functions.obj
 0001:000013e0       NtAlpcSetInformation       00000001400023e0 f   HIGU_ntcall:ntdll_functions.obj
 0001:00001420       NtAreMappedFilesTheSame    0000000140002420 f   HIGU_ntcall:ntdll_functions.obj
 0001:00001460       NtAssignProcessToJobObject 0000000140002460 f   HIGU_ntcall:ntdll_functions.obj
 0001:000014a0       NtCallEnclave              00000001400024a0 f   HIGU_ntcall:ntdll_functions.obj
 0001:000014f0       NtCallbackReturn           00000001400024f0 f   HIGU_ntcall:ntdll_functions.obj
 0001:00001530       NtCancelIoFile             0000000140002530 f   HIGU_ntcall:ntdll_functions.obj
 0001:00001570       NtCancelIoFileEx           0000000140002570 f   HIGU_ntcall:ntdll_functions.obj
 0001:000015b0       NtCancelSynchronousIoFile  00000001400025b0 f   HIGU_ntcall:ntdll_functions.obj
 0001:000015f0       NtCancelTimer              00000001400025f0 f   HIGU_ntcall:ntdll_functions.obj
 0001:00001630       NtClearEvent               0000000140002630 f   HIGU_ntcall:ntdll_functions.obj
 0001:00001660       NtClose                    0000000140002660 f   HIGU_ntcall:ntdll_functions.obj
 0001:00001690       NtCloseObjectAuditAlarm    0000000140002690 f   HIGU_ntcall:ntdll_functions.obj
 0001:000016d0       NtCommitComplete           00000001400026d0 f   HIGU_ntcall:ntdll_functions.obj
 0001:00001710       NtCommitEnlistment         0000000140002710 f   HIGU_ntcall:ntdll_functions.obj
 0001:00001750       NtCommitTransaction        0000000140002750 f   HIGU_ntcall:ntdll_functions.obj
 0001:00001790       NtCompactKeys              0000000140002790 f   HIGU_ntcall:ntdll_functions.obj
 0001:000017d0       NtCompareTokens            00000001400027d0 f   HIGU_ntcall:ntdll_functions.obj
 0001:00001810       NtCompleteConnectPort      0000000140002810 f   HIGU_ntcall:ntdll_functions.obj
 0001:00001840       NtCompressKey              0000000140002840 f   HIGU_ntcall:ntdll_functions.obj
 0001:00001870       NtConnectPort              0000000140002870 f   HIGU_ntcall:ntdll_functions.obj
 0001:000018f0       NtContinue                 00000001400028f0 f   HIGU_ntcall:ntdll_functions.obj
 0001:00001930       NtCreateDebugObject        0000000140002930 f   HIGU_ntcall:ntdll_functions.obj
 0001:00001970       NtCreateDirectoryObject    0000000140002970 f   HIGU_ntcall:ntdll_functions.obj
 0001:000019b0       NtCreateEnclave            00000001400029b0 f   HIGU_ntcall:ntdll_functions.obj
 0001:00001a30       NtCreateEnlistment         0000000140002a30 f   HIGU_ntcall:ntdll_functions.obj
 0001:00001aa0       NtCreateEvent              0000000140002aa0 f   HIGU_ntcall:ntdll_functions.obj
 0001:00001af0       NtCreateEventPair          0000000140002af0 f   HIGU_ntcall:ntdll_functions.obj
 0001:00001b30       NtCreateFile               0000000140002b30 f   HIGU_ntcall:ntdll_functions.obj
 0001:00001bc0       NtCreateIoCompletion       0000000140002bc0 f   HIGU_ntcall:ntdll_functions.obj
 0001:00001c00       NtCreateJobObject          0000000140002c00 f   HIGU_ntcall:ntdll_functions.obj
 0001:00001c40       NtCreateJobSet             0000000140002c40 f   HIGU_ntcall:ntdll_functions.obj
 0001:00001c80       NtCreateKey                0000000140002c80 f   HIGU_ntcall:ntdll_functions.obj
 0001:00001cf0       NtCreateKeyTransacted      0000000140002cf0 f   HIGU_ntcall:ntdll_functions.obj
 0001:00001d60       NtCreateKeyedEvent         0000000140002d60 f   HIGU_ntcall:ntdll_functions.obj
 0001:00001da0       NtCreateMailslotFile       0000000140002da0 f   HIGU_ntcall:ntdll_functions.obj
 0001:00001e10       NtCreateMutant             0000000140002e10 f   HIGU_ntcall:ntdll_functions.obj
 0001:00001e60       NtCreateNamedPipeFile      0000000140002e60 f   HIGU_ntcall:ntdll_functions.obj
 0001:00001f20       NtCreatePagingFile         0000000140002f20 f   HIGU_ntcall:ntdll_functions.obj
 0001:00001f60       NtCreatePort               0000000140002f60 f   HIGU_ntcall:ntdll_functions.obj
 0001:00001fb0       NtCreatePrivateNamespace   0000000140002fb0 f   HIGU_ntcall:ntdll_functions.obj
 0001:00001ff0       NtCreateProcess            0000000140002ff0 f   HIGU_ntcall:ntdll_functions.obj
 0001:00002070       NtCreateProcessEx          0000000140003070 f   HIGU_ntcall:ntdll_functions.obj
 0001:000020f0       NtCreateProfile            00000001400030f0 f   HIGU_ntcall:ntdll_functions.obj
 0001:00002170       NtCreateProfileEx          0000000140003170 f   HIGU_ntcall:ntdll_functions.obj
 0001:00002200       NtCreateResourceManager    0000000140003200 f   HIGU_ntcall:ntdll_functions.obj
 0001:00002270       NtCreateSection            0000000140003270 f   HIGU_ntcall:ntdll_functions.obj
 0001:000022e0       NtCreateSemaphore          00000001400032e0 f   HIGU_ntcall:ntdll_functions.obj
 0001:00002330       NtCreateSymbolicLinkObject 0000000140003330 f   HIGU_ntcall:ntdll_functions.obj
 0001:00002370       NtCreateThread             0000000140003370 f   HIGU_ntcall:ntdll_functions.obj
 0001:000023f0       NtCreateThreadEx           00000001400033f0 f   HIGU_ntcall:ntdll_functions.obj
 0001:00002490       NtCreateTimer              0000000140003490 f   HIGU_ntcall:ntdll_functions.obj
 0001:000024d0       NtCreateToken              00000001400034d0 f   HIGU_ntcall:ntdll_functions.obj
 0001:00002590       NtCreateTransaction        0000000140003590 f   HIGU_ntcall:ntdll_functions.obj
 0001:00002620       NtCreateTransactionManager 0000000140003620 f   HIGU_ntcall:ntdll_functions.obj
 0001:00002680       NtCreateUserProcess        0000000140003680 f   HIGU_ntcall:ntdll_functions.obj
 0001:00002720       NtCreateWaitablePort       0000000140003720 f   HIGU_ntcall:ntdll_functions.obj
 0001:00002770       NtCreateWorkerFactory      0000000140003770 f   HIGU_ntcall:ntdll_functions.obj
 0001:00002800       NtDebugActiveProcess       0000000140003800 f   HIGU_ntcall:ntdll_functions.obj
 0001:00002840       NtDebugContinue            0000000140003840 f   HIGU_ntcall:ntdll_functions.obj
 0001:00002880       NtDelayExecution           0000000140003880 f   HIGU_ntcall:ntdll_functions.obj
 0001:000028c0       NtDeleteAtom               00000001400038c0 f   HIGU_ntcall:ntdll_functions.obj
 0001:000028f0       NtDeleteBootEntry          00000001400038f0 f   HIGU_ntcall:ntdll_functions.obj
 0001:00002920       NtDeleteDriverEntry        0000000140003920 f   HIGU_ntcall:ntdll_functions.obj
 0001:00002950       NtDeleteFile               0000000140003950 f   HIGU_ntcall:ntdll_functions.obj
 0001:00002980       NtDeleteKey                0000000140003980 f   HIGU_ntcall:ntdll_functions.obj
 0001:000029b0       NtDeleteObjectAuditAlarm   00000001400039b0 f   HIGU_ntcall:ntdll_functions.obj
 0001:000029f0       NtDeletePrivateNamespace   00000001400039f0 f   HIGU_ntcall:ntdll_functions.obj
 0001:00002a20       NtDeleteValueKey           0000000140003a20 f   HIGU_ntcall:ntdll_functions.obj
 0001:00002a60       NtDeviceIoControlFile      0000000140003a60 f   HIGU_ntcall:ntdll_functions.obj
 0001:00002af0       NtDisableLastKnownGood     0000000140003af0 f   HIGU_ntcall:ntdll_functions.obj
 0001:00002b10       NtDisplayString            0000000140003b10 f   HIGU_ntcall:ntdll_functions.obj
 0001:00002b40       NtDrawText                 0000000140003b40 f   HIGU_ntcall:ntdll_functions.obj
 0001:00002b70       NtDuplicateObject          0000000140003b70 f   HIGU_ntcall:ntdll_functions.obj
 0001:00002bd0       NtDuplicateToken           0000000140003bd0 f   HIGU_ntcall:ntdll_functions.obj
 0001:00002c30       NtEnableLastKnownGood      0000000140003c30 f   HIGU_ntcall:ntdll_functions.obj
 0001:00002c50       NtEnumerateBootEntries     0000000140003c50 f   HIGU_ntcall:ntdll_functions.obj
 0001:00002c90       NtEnumerateDriverEntries   0000000140003c90 f   HIGU_ntcall:ntdll_functions.obj
 0001:00002cd0       NtEnumerateKey             0000000140003cd0 f   HIGU_ntcall:ntdll_functions.obj
 0001:00002d30       NtEnumerateSystemEnvironmentValuesEx 0000000140003d30 f   HIGU_ntcall:ntdll_functions.obj
 0001:00002d70       NtEnumerateTransactionObject 0000000140003d70 f   HIGU_ntcall:ntdll_functions.obj
 0001:00002dc0       NtEnumerateValueKey        0000000140003dc0 f   HIGU_ntcall:ntdll_functions.obj
 0001:00002e20       NtExtendSection            0000000140003e20 f   HIGU_ntcall:ntdll_functions.obj
 0001:00002e60       NtFilterToken              0000000140003e60 f   HIGU_ntcall:ntdll_functions.obj
 0001:00002ec0       NtFindAtom                 0000000140003ec0 f   HIGU_ntcall:ntdll_functions.obj
 0001:00002f00       NtFlushBuffersFile         0000000140003f00 f   HIGU_ntcall:ntdll_functions.obj
 0001:00002f40       NtFlushInstallUILanguage   0000000140003f40 f   HIGU_ntcall:ntdll_functions.obj
 0001:00002f80       NtFlushInstructionCache    0000000140003f80 f   HIGU_ntcall:ntdll_functions.obj
 0001:00002fc0       NtFlushKey                 0000000140003fc0 f   HIGU_ntcall:ntdll_functions.obj
 0001:00002ff0       NtFlushProcessWriteBuffers 0000000140003ff0 f   HIGU_ntcall:ntdll_functions.obj
 0001:00003010       NtFlushWriteBuffer         0000000140004010 f   HIGU_ntcall:ntdll_functions.obj
 0001:00003030       NtFreeUserPhysicalPages    0000000140004030 f   HIGU_ntcall:ntdll_functions.obj
 0001:00003070       NtFreeVirtualMemory        0000000140004070 f   HIGU_ntcall:ntdll_functions.obj
 0001:000030b0       NtFreezeRegistry           00000001400040b0 f   HIGU_ntcall:ntdll_functions.obj
 0001:000030e0       NtFreezeTransactions       00000001400040e0 f   HIGU_ntcall:ntdll_functions.obj
 0001:00003120       NtFsControlFile            0000000140004120 f   HIGU_ntcall:ntdll_functions.obj
 0001:000031b0       NtGetContextThread         00000001400041b0 f   HIGU_ntcall:ntdll_functions.obj
 0001:000031f0       NtGetCurrentProcessorNumber 00000001400041f0 f   HIGU_ntcall:ntdll_functions.obj
 0001:00003210       NtGetDevicePowerState      0000000140004210 f   HIGU_ntcall:ntdll_functions.obj
 0001:00003250       NtGetMUIRegistryInfo       0000000140004250 f   HIGU_ntcall:ntdll_functions.obj
 0001:00003290       NtGetNextProcess           0000000140004290 f   HIGU_ntcall:ntdll_functions.obj
 0001:000032e0       NtGetNextThread            00000001400042e0 f   HIGU_ntcall:ntdll_functions.obj
 0001:00003340       NtGetNlsSectionPtr         0000000140004340 f   HIGU_ntcall:ntdll_functions.obj
 0001:00003390       NtGetNotificationResourceManager 0000000140004390 f   HIGU_ntcall:ntdll_functions.obj
 0001:00003400       NtGetWriteWatch            0000000140004400 f   HIGU_ntcall:ntdll_functions.obj
 0001:00003470       NtImpersonateAnonymousToken 0000000140004470 f   HIGU_ntcall:ntdll_functions.obj
 0001:000034a0       NtImpersonateClientOfPort  00000001400044a0 f   HIGU_ntcall:ntdll_functions.obj
 0001:000034e0       NtImpersonateThread        00000001400044e0 f   HIGU_ntcall:ntdll_functions.obj
 0001:00003520       NtInitializeEnclave        0000000140004520 f   HIGU_ntcall:ntdll_functions.obj
 0001:00003570       NtInitializeNlsFiles       0000000140004570 f   HIGU_ntcall:ntdll_functions.obj
 0001:000035b0       NtInitializeRegistry       00000001400045b0 f   HIGU_ntcall:ntdll_functions.obj
 0001:000035e0       NtInitiatePowerAction      00000001400045e0 f   HIGU_ntcall:ntdll_functions.obj
 0001:00003630       NtIsProcessInJob           0000000140004630 f   HIGU_ntcall:ntdll_functions.obj
 0001:00003670       NtIsSystemResumeAutomatic  0000000140004670 f   HIGU_ntcall:ntdll_functions.obj
 0001:00003690       NtIsUILanguageComitted     0000000140004690 f   HIGU_ntcall:ntdll_functions.obj
 0001:000036b0       NtListenPort               00000001400046b0 f   HIGU_ntcall:ntdll_functions.obj
 0001:000036f0       NtLoadDriver               00000001400046f0 f   HIGU_ntcall:ntdll_functions.obj
 0001:00003720       NtLoadEnclaveData          0000000140004720 f   HIGU_ntcall:ntdll_functions.obj
 0001:000037a0       NtLoadKey                  00000001400047a0 f   HIGU_ntcall:ntdll_functions.obj
 0001:000037e0       NtLoadKey2                 00000001400047e0 f   HIGU_ntcall:ntdll_functions.obj
 0001:00003820       NtLoadKeyEx                0000000140004820 f   HIGU_ntcall:ntdll_functions.obj
 0001:000038a0       NtLockFile                 00000001400048a0 f   HIGU_ntcall:ntdll_functions.obj
 0001:00003930       NtLockProductActivationKeys 0000000140004930 f   HIGU_ntcall:ntdll_functions.obj
 0001:00003970       NtLockRegistryKey          0000000140004970 f   HIGU_ntcall:ntdll_functions.obj
 0001:000039a0       NtLockVirtualMemory        00000001400049a0 f   HIGU_ntcall:ntdll_functions.obj
 0001:000039e0       NtMakePermanentObject      00000001400049e0 f   HIGU_ntcall:ntdll_functions.obj
 0001:00003a10       NtMakeTemporaryObject      0000000140004a10 f   HIGU_ntcall:ntdll_functions.obj
 0001:00003a40       NtMapCMFModule             0000000140004a40 f   HIGU_ntcall:ntdll_functions.obj
 0001:00003aa0       NtMapUserPhysicalPages     0000000140004aa0 f   HIGU_ntcall:ntdll_functions.obj
 0001:00003ae0       NtMapUserPhysicalPagesScatter 0000000140004ae0 f   HIGU_ntcall:ntdll_functions.obj
 0001:00003b20       NtMapViewOfSection         0000000140004b20 f   HIGU_ntcall:ntdll_functions.obj
 0001:00003bb0       NtModifyBootEntry          0000000140004bb0 f   HIGU_ntcall:ntdll_functions.obj
 0001:00003be0       NtModifyDriverEntry        0000000140004be0 f   HIGU_ntcall:ntdll_functions.obj
 0001:00003c10       NtNotifyChangeDirectoryFile 0000000140004c10 f   HIGU_ntcall:ntdll_functions.obj
 0001:00003c90       NtNotifyChangeKey          0000000140004c90 f   HIGU_ntcall:ntdll_functions.obj
 0001:00003d20       NtNotifyChangeMultipleKeys 0000000140004d20 f   HIGU_ntcall:ntdll_functions.obj
 0001:00003dd0       NtNotifyChangeSession      0000000140004dd0 f   HIGU_ntcall:ntdll_functions.obj
 0001:00003e40       NtOpenDirectoryObject      0000000140004e40 f   HIGU_ntcall:ntdll_functions.obj
 0001:00003e80       NtOpenEnlistment           0000000140004e80 f   HIGU_ntcall:ntdll_functions.obj
 0001:00003ed0       NtOpenEvent                0000000140004ed0 f   HIGU_ntcall:ntdll_functions.obj
 0001:00003f10       NtOpenEventPair            0000000140004f10 f   HIGU_ntcall:ntdll_functions.obj
 0001:00003f50       NtOpenFile                 0000000140004f50 f   HIGU_ntcall:ntdll_functions.obj
 0001:00003fb0       NtOpenIoCompletion         0000000140004fb0 f   HIGU_ntcall:ntdll_functions.obj
 0001:00003ff0       NtOpenJobObject            0000000140004ff0 f   HIGU_ntcall:ntdll_functions.obj
 0001:00004030       NtOpenKey                  0000000140005030 f   HIGU_ntcall:ntdll_functions.obj
 0001:00004070       NtOpenKeyEx                0000000140005070 f   HIGU_ntcall:ntdll_functions.obj
 0001:000040b0       NtOpenKeyTransacted        00000001400050b0 f   HIGU_ntcall:ntdll_functions.obj
 0001:000040f0       NtOpenKeyTransactedEx      00000001400050f0 f   HIGU_ntcall:ntdll_functions.obj
 0001:00004140       NtOpenKeyedEvent           0000000140005140 f   HIGU_ntcall:ntdll_functions.obj
 0001:00004180       NtOpenMutant               0000000140005180 f   HIGU_ntcall:ntdll_functions.obj
 0001:000041c0       NtOpenObjectAuditAlarm     00000001400051c0 f   HIGU_ntcall:ntdll_functions.obj
 0001:00004270       NtOpenPrivateNamespace     0000000140005270 f   HIGU_ntcall:ntdll_functions.obj
 0001:000042b0       NtOpenProcess              00000001400052b0 f   HIGU_ntcall:ntdll_functions.obj
 0001:000042f0       NtOpenProcessToken         00000001400052f0 f   HIGU_ntcall:ntdll_functions.obj
 0001:00004330       NtOpenProcessTokenEx       0000000140005330 f   HIGU_ntcall:ntdll_functions.obj
 0001:00004370       NtOpenResourceManager      0000000140005370 f   HIGU_ntcall:ntdll_functions.obj
 0001:000043c0       NtOpenSection              00000001400053c0 f   HIGU_ntcall:ntdll_functions.obj
 0001:00004400       NtOpenSemaphore            0000000140005400 f   HIGU_ntcall:ntdll_functions.obj
 0001:00004440       NtOpenSession              0000000140005440 f   HIGU_ntcall:ntdll_functions.obj
 0001:00004480       NtOpenSymbolicLinkObject   0000000140005480 f   HIGU_ntcall:ntdll_functions.obj
 0001:000044c0       NtOpenThread               00000001400054c0 f   HIGU_ntcall:ntdll_functions.obj
 0001:00004500       NtOpenThreadToken          0000000140005500 f   HIGU_ntcall:ntdll_functions.obj
 0001:00004550       NtOpenThreadTokenEx        0000000140005550 f   HIGU_ntcall:ntdll_functions.obj
 0001:000045a0       NtOpenTimer                00000001400055a0 f   HIGU_ntcall:ntdll_functions.obj
 0001:000045e0       NtOpenTransaction          00000001400055e0 f   HIGU_ntcall:ntdll_functions.obj
 0001:00004630       NtOpenTransactionManager   0000000140005630 f   HIGU_ntcall:ntdll_functions.obj
 0001:00004690       NtPlugPlayControl          0000000140005690 f   HIGU_ntcall:ntdll_functions.obj
 0001:000046d0       NtPowerInformation         00000001400056d0 f   HIGU_ntcall:ntdll_functions.obj
 0001:00004720       NtPrePrepareComplete       0000000140005720 f   HIGU_ntcall:ntdll_functions.obj
 0001:00004760       NtPrePrepareEnlistment     0000000140005760 f   HIGU_ntcall:ntdll_functions.obj
 0001:000047a0       NtPrepareComplete          00000001400057a0 f   HIGU_ntcall:ntdll_functions.obj
 0001:000047e0       NtPrepareEnlistment        00000001400057e0 f   HIGU_ntcall:ntdll_functions.obj
 0001:00004820       NtPrivilegeCheck           0000000140005820 f   HIGU_ntcall:ntdll_functions.obj
 0001:00004860       NtPrivilegeObjectAuditAlarm 0000000140005860 f   HIGU_ntcall:ntdll_functions.obj
 0001:000048c0       NtPrivilegedServiceAuditAlarm 00000001400058c0 f   HIGU_ntcall:ntdll_functions.obj
 0001:00004910       NtPropagationComplete      0000000140005910 f   HIGU_ntcall:ntdll_functions.obj
 0001:00004950       NtPropagationFailed        0000000140005950 f   HIGU_ntcall:ntdll_functions.obj
 0001:00004990       NtProtectVirtualMemory     0000000140005990 f   HIGU_ntcall:ntdll_functions.obj
 0001:000049e0       NtPulseEvent               00000001400059e0 f   HIGU_ntcall:ntdll_functions.obj
 0001:00004a20       NtQueryAttributesFile      0000000140005a20 f   HIGU_ntcall:ntdll_functions.obj
 0001:00004a60       NtQueryBootEntryOrder      0000000140005a60 f   HIGU_ntcall:ntdll_functions.obj
 0001:00004aa0       NtQueryBootOptions         0000000140005aa0 f   HIGU_ntcall:ntdll_functions.obj
 0001:00004ae0       NtQueryDebugFilterState    0000000140005ae0 f   HIGU_ntcall:ntdll_functions.obj
 0001:00004b20       NtQueryDefaultLocale       0000000140005b20 f   HIGU_ntcall:ntdll_functions.obj
 0001:00004b60       NtQueryDefaultUILanguage   0000000140005b60 f   HIGU_ntcall:ntdll_functions.obj
 0001:00004b90       NtQueryDirectoryFile       0000000140005b90 f   HIGU_ntcall:ntdll_functions.obj
 0001:00004c30       NtQueryDirectoryObject     0000000140005c30 f   HIGU_ntcall:ntdll_functions.obj
 0001:00004ca0       NtQueryDriverEntryOrder    0000000140005ca0 f   HIGU_ntcall:ntdll_functions.obj
 0001:00004ce0       NtQueryEaFile              0000000140005ce0 f   HIGU_ntcall:ntdll_functions.obj
 0001:00004d60       NtQueryEvent               0000000140005d60 f   HIGU_ntcall:ntdll_functions.obj
 0001:00004db0       NtQueryFullAttributesFile  0000000140005db0 f   HIGU_ntcall:ntdll_functions.obj
 0001:00004df0       NtQueryInformationAtom     0000000140005df0 f   HIGU_ntcall:ntdll_functions.obj
 0001:00004e40       NtQueryInformationEnlistment 0000000140005e40 f   HIGU_ntcall:ntdll_functions.obj
 0001:00004e90       NtQueryInformationFile     0000000140005e90 f   HIGU_ntcall:ntdll_functions.obj
 0001:00004ee0       NtQueryInformationJobObject 0000000140005ee0 f   HIGU_ntcall:ntdll_functions.obj
 0001:00004f30       NtQueryInformationPort     0000000140005f30 f   HIGU_ntcall:ntdll_functions.obj
 0001:00004f80       NtQueryInformationProcess  0000000140005f80 f   HIGU_ntcall:ntdll_functions.obj
 0001:00004fd0       NtQueryInformationResourceManager 0000000140005fd0 f   HIGU_ntcall:ntdll_functions.obj
 0001:00005020       NtQueryInformationThread   0000000140006020 f   HIGU_ntcall:ntdll_functions.obj
 0001:00005070       NtQueryInformationToken    0000000140006070 f   HIGU_ntcall:ntdll_functions.obj
 0001:000050c0       NtQueryInformationTransaction 00000001400060c0 f   HIGU_ntcall:ntdll_functions.obj
 0001:00005110       NtQueryInformationTransactionManager 0000000140006110 f   HIGU_ntcall:ntdll_functions.obj
 0001:00005160       NtQueryInformationWorkerFactory 0000000140006160 f   HIGU_ntcall:ntdll_functions.obj
 0001:000051b0       NtQueryInstallUILanguage   00000001400061b0 f   HIGU_ntcall:ntdll_functions.obj
 0001:000051e0       NtQueryIntervalProfile     00000001400061e0 f   HIGU_ntcall:ntdll_functions.obj
 0001:00005220       NtQueryIoCompletion        0000000140006220 f   HIGU_ntcall:ntdll_functions.obj
 0001:00005270       NtQueryKey                 0000000140006270 f   HIGU_ntcall:ntdll_functions.obj
 0001:000052c0       NtQueryLicenseValue        00000001400062c0 f   HIGU_ntcall:ntdll_functions.obj
 0001:00005310       NtQueryMultipleValueKey    0000000140006310 f   HIGU_ntcall:ntdll_functions.obj
 0001:00005370       NtQueryMutant              0000000140006370 f   HIGU_ntcall:ntdll_functions.obj
 0001:000053c0       NtQueryObject              00000001400063c0 f   HIGU_ntcall:ntdll_functions.obj
 0001:00005410       NtQueryOpenSubKeys         0000000140006410 f   HIGU_ntcall:ntdll_functions.obj
 0001:00005450       NtQueryOpenSubKeysEx       0000000140006450 f   HIGU_ntcall:ntdll_functions.obj
 0001:00005490       NtQueryPerformanceCounter  0000000140006490 f   HIGU_ntcall:ntdll_functions.obj
 0001:000054d0       NtQueryPortInformationProcess 00000001400064d0 f   HIGU_ntcall:ntdll_functions.obj
 0001:000054f0       NtQueryQuotaInformationFile 00000001400064f0 f   HIGU_ntcall:ntdll_functions.obj
 0001:00005570       NtQuerySection             0000000140006570 f   HIGU_ntcall:ntdll_functions.obj
 0001:000055c0       NtQuerySecurityAttributesToken 00000001400065c0 f   HIGU_ntcall:ntdll_functions.obj
 0001:00005620       NtQuerySecurityObject      0000000140006620 f   HIGU_ntcall:ntdll_functions.obj
 0001:00005670       NtQuerySemaphore           0000000140006670 f   HIGU_ntcall:ntdll_functions.obj
 0001:000056c0       NtQuerySymbolicLinkObject  00000001400066c0 f   HIGU_ntcall:ntdll_functions.obj
 0001:00005700       NtQuerySystemEnvironmentValue 0000000140006700 f   HIGU_ntcall:ntdll_functions.obj
 0001:00005750       NtQuerySystemEnvironmentValueEx 0000000140006750 f   HIGU_ntcall:ntdll_functions.obj
 0001:000057a0       NtQuerySystemInformation   00000001400067a0 f   HIGU_ntcall:ntdll_functions.obj
 0001:000057e0       NtQuerySystemInformationEx 00000001400067e0 f   HIGU_ntcall:ntdll_functions.obj
 0001:00005840       NtQueryTimer               0000000140006840 f   HIGU_ntcall:ntdll_functions.obj
 0001:00005890       NtQueryTimerResolution     0000000140006890 f   HIGU_ntcall:ntdll_functions.obj
 0001:000058d0       NtQueryValueKey            00000001400068d0 f   HIGU_ntcall:ntdll_functions.obj
 0001:00005930       NtQueryVirtualMemory       0000000140006930 f   HIGU_ntcall:ntdll_functions.obj
 0001:00005990       NtQueryVolumeInformationFile 0000000140006990 f   HIGU_ntcall:ntdll_functions.obj
 0001:000059e0       NtQueueApcThread           00000001400069e0 f   HIGU_ntcall:ntdll_functions.obj
 0001:00005a30       NtQueueApcThreadEx         0000000140006a30 f   HIGU_ntcall:ntdll_functions.obj
 0001:00005a90       NtRaiseException           0000000140006a90 f   HIGU_ntcall:ntdll_functions.obj
 0001:00005ad0       NtRaiseHardError           0000000140006ad0 f   HIGU_ntcall:ntdll_functions.obj
 0001:00005b30       NtReadFile                 0000000140006b30 f   HIGU_ntcall:ntdll_functions.obj
 0001:00005bb0       NtReadFileScatter          0000000140006bb0 f   HIGU_ntcall:ntdll_functions.obj
 0001:00005c30       NtReadOnlyEnlistment       0000000140006c30 f   HIGU_ntcall:ntdll_functions.obj
 0001:00005c70       NtReadRequestData          0000000140006c70 f   HIGU_ntcall:ntdll_functions.obj
 0001:00005cd0       NtReadVirtualMemory        0000000140006cd0 f   HIGU_ntcall:ntdll_functions.obj
 0001:00005d20       NtRecoverEnlistment        0000000140006d20 f   HIGU_ntcall:ntdll_functions.obj
 0001:00005d60       NtRecoverResourceManager   0000000140006d60 f   HIGU_ntcall:ntdll_functions.obj
 0001:00005d90       NtRecoverTransactionManager 0000000140006d90 f   HIGU_ntcall:ntdll_functions.obj
 0001:00005dc0       NtRegisterProtocolAddressInformation 0000000140006dc0 f   HIGU_ntcall:ntdll_functions.obj
 0001:00005e10       NtRegisterThreadTerminatePort 0000000140006e10 f   HIGU_ntcall:ntdll_functions.obj
 0001:00005e40       NtReleaseKeyedEvent        0000000140006e40 f   HIGU_ntcall:ntdll_functions.obj
 0001:00005e90       NtReleaseMutant            0000000140006e90 f   HIGU_ntcall:ntdll_functions.obj
 0001:00005ed0       NtReleaseSemaphore         0000000140006ed0 f   HIGU_ntcall:ntdll_functions.obj
 0001:00005f10       NtReleaseWorkerFactoryWorker 0000000140006f10 f   HIGU_ntcall:ntdll_functions.obj
 0001:00005f40       NtRemoveIoCompletion       0000000140006f40 f   HIGU_ntcall:ntdll_functions.obj
 0001:00005f90       NtRemoveIoCompletionEx     0000000140006f90 f   HIGU_ntcall:ntdll_functions.obj
 0001:00005ff0       NtRemoveProcessDebug       0000000140006ff0 f   HIGU_ntcall:ntdll_functions.obj
 0001:00006030       NtRenameKey                0000000140007030 f   HIGU_ntcall:ntdll_functions.obj
 0001:00006070       NtRenameTransactionManager 0000000140007070 f   HIGU_ntcall:ntdll_functions.obj
 0001:000060b0       NtReplaceKey               00000001400070b0 f   HIGU_ntcall:ntdll_functions.obj
 0001:000060f0       NtReplacePartitionUnit     00000001400070f0 f   HIGU_ntcall:ntdll_functions.obj
 0001:00006130       NtReplyPort                0000000140007130 f   HIGU_ntcall:ntdll_functions.obj
 0001:00006170       NtReplyWaitReceivePort     0000000140007170 f   HIGU_ntcall:ntdll_functions.obj
 0001:000061b0       NtReplyWaitReceivePortEx   00000001400071b0 f   HIGU_ntcall:ntdll_functions.obj
 0001:00006200       NtReplyWaitReplyPort       0000000140007200 f   HIGU_ntcall:ntdll_functions.obj
 0001:00006240       NtRequestPort              0000000140007240 f   HIGU_ntcall:ntdll_functions.obj
 0001:00006280       NtRequestWaitReplyPort     0000000140007280 f   HIGU_ntcall:ntdll_functions.obj
 0001:000062c0       NtResetEvent               00000001400072c0 f   HIGU_ntcall:ntdll_functions.obj
 0001:00006300       NtResetWriteWatch          0000000140007300 f   HIGU_ntcall:ntdll_functions.obj
 0001:00006340       NtRestoreKey               0000000140007340 f   HIGU_ntcall:ntdll_functions.obj
 0001:00006380       NtResumeProcess            0000000140007380 f   HIGU_ntcall:ntdll_functions.obj
 0001:000063b0       NtResumeThread             00000001400073b0 f   HIGU_ntcall:ntdll_functions.obj
 0001:000063f0       NtRollbackComplete         00000001400073f0 f   HIGU_ntcall:ntdll_functions.obj
 0001:00006430       NtRollbackEnlistment       0000000140007430 f   HIGU_ntcall:ntdll_functions.obj
 0001:00006470       NtRollbackTransaction      0000000140007470 f   HIGU_ntcall:ntdll_functions.obj
 0001:000064b0       NtRollforwardTransactionManager 00000001400074b0 f   HIGU_ntcall:ntdll_functions.obj
 0001:000064f0       NtSaveKey                  00000001400074f0 f   HIGU_ntcall:ntdll_functions.obj
 0001:00006530       NtSaveKeyEx                0000000140007530 f   HIGU_ntcall:ntdll_functions.obj
 0001:00006570       NtSaveMergedKeys           0000000140007570 f   HIGU_ntcall:ntdll_functions.obj
 0001:000065b0       NtSecureConnectPort        00000001400075b0 f   HIGU_ntcall:ntdll_functions.obj
 0001:00006630       NtSerializeBoot            0000000140007630 f   HIGU_ntcall:ntdll_functions.obj
 0001:00006650       NtSetBootEntryOrder        0000000140007650 f   HIGU_ntcall:ntdll_functions.obj
 0001:00006690       NtSetBootOptions           0000000140007690 f   HIGU_ntcall:ntdll_functions.obj
 0001:000066d0       NtSetContextThread         00000001400076d0 f   HIGU_ntcall:ntdll_functions.obj
 0001:00006710       NtSetDebugFilterState      0000000140007710 f   HIGU_ntcall:ntdll_functions.obj
 0001:00006750       NtSetDefaultHardErrorPort  0000000140007750 f   HIGU_ntcall:ntdll_functions.obj
 0001:00006780       NtSetDefaultLocale         0000000140007780 f   HIGU_ntcall:ntdll_functions.obj
 0001:000067c0       NtSetDefaultUILanguage     00000001400077c0 f   HIGU_ntcall:ntdll_functions.obj
 0001:000067f0       NtSetDriverEntryOrder      00000001400077f0 f   HIGU_ntcall:ntdll_functions.obj
 0001:00006830       NtSetEaFile                0000000140007830 f   HIGU_ntcall:ntdll_functions.obj
 0001:00006870       NtSetEvent                 0000000140007870 f   HIGU_ntcall:ntdll_functions.obj
 0001:000068b0       NtSetEventBoostPriority    00000001400078b0 f   HIGU_ntcall:ntdll_functions.obj
 0001:000068e0       NtSetHighEventPair         00000001400078e0 f   HIGU_ntcall:ntdll_functions.obj
 0001:00006910       NtSetHighWaitLowEventPair  0000000140007910 f   HIGU_ntcall:ntdll_functions.obj
 0001:00006940       NtSetInformationDebugObject 0000000140007940 f   HIGU_ntcall:ntdll_functions.obj
 0001:00006990       NtSetInformationEnlistment 0000000140007990 f   HIGU_ntcall:ntdll_functions.obj
 0001:000069d0       NtSetInformationFile       00000001400079d0 f   HIGU_ntcall:ntdll_functions.obj
 0001:00006a20       NtSetInformationJobObject  0000000140007a20 f   HIGU_ntcall:ntdll_functions.obj
 0001:00006a60       NtSetInformationKey        0000000140007a60 f   HIGU_ntcall:ntdll_functions.obj
 0001:00006aa0       NtSetInformationObject     0000000140007aa0 f   HIGU_ntcall:ntdll_functions.obj
 0001:00006ae0       NtSetInformationProcess    0000000140007ae0 f   HIGU_ntcall:ntdll_functions.obj
 0001:00006b20       NtSetInformationResourceManager 0000000140007b20 f   HIGU_ntcall:ntdll_functions.obj
 0001:00006b60       NtSetInformationThread     0000000140007b60 f   HIGU_ntcall:ntdll_functions.obj
 0001:00006ba0       NtSetInformationToken      0000000140007ba0 f   HIGU_ntcall:ntdll_functions.obj
 0001:00006be0       NtSetInformationTransaction 0000000140007be0 f   HIGU_ntcall:ntdll_functions.obj
 0001:00006c20       NtSetInformationTransactionManager 0000000140007c20 f   HIGU_ntcall:ntdll_functions.obj
 0001:00006c60       NtSetInformationWorkerFactory 0000000140007c60 f   HIGU_ntcall:ntdll_functions.obj
 0001:00006ca0       NtSetIntervalProfile       0000000140007ca0 f   HIGU_ntcall:ntdll_functions.obj
 0001:00006ce0       NtSetIoCompletion          0000000140007ce0 f   HIGU_ntcall:ntdll_functions.obj
 0001:00006d30       NtSetIoCompletionEx        0000000140007d30 f   HIGU_ntcall:ntdll_functions.obj
 0001:00006d90       NtSetLdtEntries            0000000140007d90 f   HIGU_ntcall:ntdll_functions.obj
 0001:00006df0       NtSetLowEventPair          0000000140007df0 f   HIGU_ntcall:ntdll_functions.obj
 0001:00006e20       NtSetLowWaitHighEventPair  0000000140007e20 f   HIGU_ntcall:ntdll_functions.obj
 0001:00006e50       NtSetQuotaInformationFile  0000000140007e50 f   HIGU_ntcall:ntdll_functions.obj
 0001:00006e90       NtSetSecurityObject        0000000140007e90 f   HIGU_ntcall:ntdll_functions.obj
 0001:00006ed0       NtSetSystemEnvironmentValue 0000000140007ed0 f   HIGU_ntcall:ntdll_functions.obj
 0001:00006f10       NtSetSystemEnvironmentValueEx 0000000140007f10 f   HIGU_ntcall:ntdll_functions.obj
 0001:00006f60       NtSetSystemInformation     0000000140007f60 f   HIGU_ntcall:ntdll_functions.obj
 0001:00006fa0       NtSetSystemPowerState      0000000140007fa0 f   HIGU_ntcall:ntdll_functions.obj
 0001:00006fe0       NtSetSystemTime            0000000140007fe0 f   HIGU_ntcall:ntdll_functions.obj
 0001:00007020       NtSetThreadExecutionState  0000000140008020 f   HIGU_ntcall:ntdll_functions.obj
 0001:00007060       NtSetTimer                 0000000140008060 f   HIGU_ntcall:ntdll_functions.obj
 0001:000070d0       NtSetTimerEx               00000001400080d0 f   HIGU_ntcall:ntdll_functions.obj
 0001:00007110       NtSetTimerResolution       0000000140008110 f   HIGU_ntcall:ntdll_functions.obj
 0001:00007150       NtSetUuidSeed              0000000140008150 f   HIGU_ntcall:ntdll_functions.obj
 0001:00007180       NtSetValueKey              0000000140008180 f   HIGU_ntcall:ntdll_functions.obj
 0001:000071e0       NtSetVolumeInformationFile 00000001400081e0 f   HIGU_ntcall:ntdll_functions.obj
 0001:00007230       NtShutdownSystem           0000000140008230 f   HIGU_ntcall:ntdll_functions.obj
 0001:00007260       NtShutdownWorkerFactory    0000000140008260 f   HIGU_ntcall:ntdll_functions.obj
 0001:000072a0       NtSignalAndWaitForSingleObject 00000001400082a0 f   HIGU_ntcall:ntdll_functions.obj
 0001:000072f0       NtSinglePhaseReject        00000001400082f0 f   HIGU_ntcall:ntdll_functions.obj
 0001:00007330       NtStartProfile             0000000140008330 f   HIGU_ntcall:ntdll_functions.obj
 0001:00007360       NtStopProfile              0000000140008360 f   HIGU_ntcall:ntdll_functions.obj
 0001:00007390       NtSuspendProcess           0000000140008390 f   HIGU_ntcall:ntdll_functions.obj
 0001:000073c0       NtSuspendThread            00000001400083c0 f   HIGU_ntcall:ntdll_functions.obj
 0001:00007400       NtSystemDebugControl       0000000140008400 f   HIGU_ntcall:ntdll_functions.obj
 0001:00007460       NtTerminateEnclave         0000000140008460 f   HIGU_ntcall:ntdll_functions.obj
 0001:000074a0       NtTerminateJobObject       00000001400084a0 f   HIGU_ntcall:ntdll_functions.obj
 0001:000074e0       NtTerminateProcess         00000001400084e0 f   HIGU_ntcall:ntdll_functions.obj
 0001:00007520       NtTerminateThread          0000000140008520 f   HIGU_ntcall:ntdll_functions.obj
 0001:00007560       NtTestAlert                0000000140008560 f   HIGU_ntcall:ntdll_functions.obj
 0001:00007580       NtThawRegistry             0000000140008580 f   HIGU_ntcall:ntdll_functions.obj
 0001:000075a0       NtThawTransactions         00000001400085a0 f   HIGU_ntcall:ntdll_functions.obj
 0001:000075c0       NtTraceControl             00000001400085c0 f   HIGU_ntcall:ntdll_functions.obj
 0001:00007620       NtTraceEvent               0000000140008620 f   HIGU_ntcall:ntdll_functions.obj
 0001:00007660       NtTranslateFilePath        0000000140008660 f   HIGU_ntcall:ntdll_functions.obj
 0001:000076a0       NtUmsThreadYield           00000001400086a0 f   HIGU_ntcall:ntdll_functions.obj
 0001:000076d0       NtUnloadDriver             00000001400086d0 f   HIGU_ntcall:ntdll_functions.obj
 0001:00007700       NtUnloadKey                0000000140008700 f   HIGU_ntcall:ntdll_functions.obj
 0001:00007730       NtUnloadKey2               0000000140008730 f   HIGU_ntcall:ntdll_functions.obj
 0001:00007770       NtUnloadKeyEx              0000000140008770 f   HIGU_ntcall:ntdll_functions.obj
 0001:000077b0       NtUnlockFile               00000001400087b0 f   HIGU_ntcall:ntdll_functions.obj
 0001:00007800       NtUnlockVirtualMemory      0000000140008800 f   HIGU_ntcall:ntdll_functions.obj
 0001:00007840       NtUnmapViewOfSection       0000000140008840 f   HIGU_ntcall:ntdll_functions.obj
 0001:00007880       NtVdmControl               0000000140008880 f   HIGU_ntcall:ntdll_functions.obj
 0001:000078c0       NtWaitForDebugEvent        00000001400088c0 f   HIGU_ntcall:ntdll_functions.obj
 0001:00007910       NtWaitForKeyedEvent        0000000140008910 f   HIGU_ntcall:ntdll_functions.obj
 0001:00007960       NtWaitForMultipleObjects   0000000140008960 f   HIGU_ntcall:ntdll_functions.obj
 0001:000079b0       NtWaitForMultipleObjects32 00000001400089b0 f   HIGU_ntcall:ntdll_functions.obj
 0001:00007a00       NtWaitForSingleObject      0000000140008a00 f   HIGU_ntcall:ntdll_functions.obj
 0001:00007a40       NtWaitForWorkViaWorkerFactory 0000000140008a40 f   HIGU_ntcall:ntdll_functions.obj
 0001:00007a80       NtWaitHighEventPair        0000000140008a80 f   HIGU_ntcall:ntdll_functions.obj
 0001:00007ab0       NtWaitLowEventPair         0000000140008ab0 f   HIGU_ntcall:ntdll_functions.obj
 0001:00007ae0       NtWorkerFactoryWorkerReady 0000000140008ae0 f   HIGU_ntcall:ntdll_functions.obj
 0001:00007b10       NtWriteFile                0000000140008b10 f   HIGU_ntcall:ntdll_functions.obj
 0001:00007b90       NtWriteFileGather          0000000140008b90 f   HIGU_ntcall:ntdll_functions.obj
 0001:00007c10       NtWriteRequestData         0000000140008c10 f   HIGU_ntcall:ntdll_functions.obj
 0001:00007c70       NtWriteVirtualMemory       0000000140008c70 f   HIGU_ntcall:ntdll_functions.obj
 0001:00007cc0       NtYieldExecution           0000000140008cc0 f   HIGU_ntcall:ntdll_functions.obj
 0001:00007ce0       ?call@cleancall@@YA_JIIIZZ 0000000140008ce0 f   HIGU_ntcall:cleancall.obj
 0001:00007dd0       internal_cleancall_native_int2e 0000000140008dd0 f   HIGU_ntcall:impl_cleancall_64.obj
 0001:00007e72       internal_cleancall_native_syscall 0000000140008e72 f   HIGU_ntcall:impl_cleancall_64.obj
 0001:00007f30       __security_check_cookie    0000000140008f30 f   MSVCRT:amdsecgs.obj
 0001:000081b4       mainCRTStartup             00000001400091b4 f   MSVCRT:exe_main.obj
 0001:000081c8       __raise_securityfailure    00000001400091c8 f   MSVCRT:gs_report.obj
 0001:000081fc       __report_gsfailure         00000001400091fc f   MSVCRT:gs_report.obj
 0001:00008344       __scrt_acquire_startup_lock 0000000140009344 f   MSVCRT:utility.obj
 0001:00008380       __scrt_initialize_crt      0000000140009380 f   MSVCRT:utility.obj
 0001:000083cc       __scrt_initialize_onexit_tables 00000001400093cc f   MSVCRT:utility.obj
 0001:00008458       __scrt_is_nonwritable_in_current_image 0000000140009458 f   MSVCRT:utility.obj
 0001:000084f0       __scrt_release_startup_lock 00000001400094f0 f   MSVCRT:utility.obj
 0001:00008514       __scrt_uninitialize_crt    0000000140009514 f   MSVCRT:utility.obj
 0001:00008540       _onexit                    0000000140009540 f   MSVCRT:utility.obj
 0001:0000857c       atexit                     000000014000957c f   MSVCRT:utility.obj
 0001:00008594       __security_init_cookie     0000000140009594 f   MSVCRT:gs_support.obj
 0001:00008640       _matherr                   0000000140009640 f   MSVCRT:matherr.obj
 0001:00008640       __scrt_stub_for_initialize_mta 0000000140009640 f   MSVCRT:utility_desktop.obj
 0001:00008640       _get_startup_thread_locale_mode 0000000140009640 f   MSVCRT:thread_locale.obj
 0001:00008640       __scrt_initialize_winrt    0000000140009640 f   MSVCRT:utility_desktop.obj
 0001:00008640       _get_startup_new_mode      0000000140009640 f   MSVCRT:new_mode.obj
 0001:00008640       _get_startup_commit_mode   0000000140009640 f   MSVCRT:commit_mode.obj
 0001:00008640       __scrt_exe_initialize_mta  0000000140009640 f   MSVCRT:utility_desktop.obj
 0001:00008644       _get_startup_argv_mode     0000000140009644 f   MSVCRT:argv_mode.obj
 0001:0000864c       _get_startup_file_mode     000000014000964c f   MSVCRT:file_mode.obj
 0001:00008654       ?__scrt_initialize_type_info@@YAXXZ 0000000140009654 f   MSVCRT:tncleanup.obj
 0001:00008664       __vcrt_initialize          0000000140009664 f   MSVCRT:ucrt_stubs.obj
 0001:00008664       __vcrt_uninitialize        0000000140009664 f   MSVCRT:ucrt_stubs.obj
 0001:00008664       __scrt_stub_for_acrt_initialize 0000000140009664 f   MSVCRT:ucrt_stubs.obj
 0001:00008664       __acrt_initialize          0000000140009664 f   MSVCRT:ucrt_stubs.obj
 0001:00008664       __scrt_stub_for_acrt_uninitialize 0000000140009664 f   MSVCRT:ucrt_stubs.obj
 0001:00008664       _should_initialize_environment 0000000140009664 f   MSVCRT:env_mode.obj
 0001:00008664       __acrt_uninitialize        0000000140009664 f   MSVCRT:ucrt_stubs.obj
 0001:00008668       _guard_check_icall_nop     0000000140009668 f   MSVCRT:guard_support.obj
 0001:00008668       _initialize_invalid_parameter_handler 0000000140009668 f   MSVCRT:invalid_parameter_handler.obj
 0001:00008668       _initialize_denormal_control 0000000140009668 f   MSVCRT:denormal_control.obj
 0001:0000866c       __local_stdio_printf_options 000000014000966c f i MSVCRT:default_local_stdio_options.obj
 0001:00008674       __local_stdio_scanf_options 0000000140009674 f i MSVCRT:default_local_stdio_options.obj
 0001:0000867c       __scrt_initialize_default_local_stdio_options 000000014000967c f   MSVCRT:default_local_stdio_options.obj
 0001:00008698       __scrt_is_user_matherr_present 0000000140009698 f   MSVCRT:matherr_detection.obj
 0001:000086a4       __scrt_get_dyn_tls_init_callback 00000001400096a4 f   MSVCRT:dyn_tls_init.obj
 0001:000086ac       __scrt_get_dyn_tls_dtor_callback 00000001400096ac f   MSVCRT:dyn_tls_dtor.obj
 0001:000086b4       __crt_debugger_hook        00000001400096b4 f   MSVCRT:utility_desktop.obj
 0001:000086bc       __scrt_fastfail            00000001400096bc f   MSVCRT:utility_desktop.obj
 0001:00008808       __scrt_initialize_mta      0000000140009808 f   MSVCRT:utility_desktop.obj
 0001:00008810       __scrt_is_managed_app      0000000140009810 f   MSVCRT:utility_desktop.obj
 0001:00008864       __scrt_set_unhandled_exception_filter 0000000140009864 f   MSVCRT:utility_desktop.obj
 0001:00008874       __scrt_unhandled_exception_filter 0000000140009874 f   MSVCRT:utility_desktop.obj
 0001:000088d0       _RTC_Initialize            00000001400098d0 f   MSVCRT:initsect.obj
 0001:0000890c       _RTC_Terminate             000000014000990c f   MSVCRT:initsect.obj
 0001:00008948       __isa_available_init       0000000140009948 f   MSVCRT:cpu_disp.obj
 0001:00008aec       __scrt_is_ucrt_dll_in_use  0000000140009aec f   MSVCRT:ucrt_detection.obj
 0001:00008b00       __CxxFrameHandler4         0000000140009b00 f   vcruntime:VCRUNTIME140_1.dll
 0001:00008b06       __std_terminate            0000000140009b06 f   vcruntime:VCRUNTIME140.dll
 0001:00008b0c       __C_specific_handler       0000000140009b0c f   vcruntime:VCRUNTIME140.dll
 0001:00008b12       __current_exception        0000000140009b12 f   vcruntime:VCRUNTIME140.dll
 0001:00008b18       __current_exception_context 0000000140009b18 f   vcruntime:VCRUNTIME140.dll
 0001:00008b1e       memset                     0000000140009b1e f   vcruntime:VCRUNTIME140.dll
 0001:00008b24       _seh_filter_exe            0000000140009b24 f   ucrt:api-ms-win-crt-runtime-l1-1-0.dll
 0001:00008b2a       _set_app_type              0000000140009b2a f   ucrt:api-ms-win-crt-runtime-l1-1-0.dll
 0001:00008b30       __setusermatherr           0000000140009b30 f   ucrt:api-ms-win-crt-math-l1-1-0.dll
 0001:00008b36       _configure_narrow_argv     0000000140009b36 f   ucrt:api-ms-win-crt-runtime-l1-1-0.dll
 0001:00008b3c       _initialize_narrow_environment 0000000140009b3c f   ucrt:api-ms-win-crt-runtime-l1-1-0.dll
 0001:00008b42       _get_initial_narrow_environment 0000000140009b42 f   ucrt:api-ms-win-crt-runtime-l1-1-0.dll
 0001:00008b48       _initterm                  0000000140009b48 f   ucrt:api-ms-win-crt-runtime-l1-1-0.dll
 0001:00008b4e       _initterm_e                0000000140009b4e f   ucrt:api-ms-win-crt-runtime-l1-1-0.dll
 0001:00008b54       exit                       0000000140009b54 f   ucrt:api-ms-win-crt-runtime-l1-1-0.dll
 0001:00008b5a       _exit                      0000000140009b5a f   ucrt:api-ms-win-crt-runtime-l1-1-0.dll
 0001:00008b60       _set_fmode                 0000000140009b60 f   ucrt:api-ms-win-crt-stdio-l1-1-0.dll
 0001:00008b66       __p___argc                 0000000140009b66 f   ucrt:api-ms-win-crt-runtime-l1-1-0.dll
 0001:00008b6c       __p___argv                 0000000140009b6c f   ucrt:api-ms-win-crt-runtime-l1-1-0.dll
 0001:00008b72       _cexit                     0000000140009b72 f   ucrt:api-ms-win-crt-runtime-l1-1-0.dll
 0001:00008b78       _c_exit                    0000000140009b78 f   ucrt:api-ms-win-crt-runtime-l1-1-0.dll
 0001:00008b7e       _register_thread_local_exe_atexit_callback 0000000140009b7e f   ucrt:api-ms-win-crt-runtime-l1-1-0.dll
 0001:00008b84       _configthreadlocale        0000000140009b84 f   ucrt:api-ms-win-crt-locale-l1-1-0.dll
 0001:00008b8a       _set_new_mode              0000000140009b8a f   ucrt:api-ms-win-crt-heap-l1-1-0.dll
 0001:00008b90       __p__commode               0000000140009b90 f   ucrt:api-ms-win-crt-stdio-l1-1-0.dll
 0001:00008b96       _initialize_onexit_table   0000000140009b96 f   ucrt:api-ms-win-crt-runtime-l1-1-0.dll
 0001:00008b9c       _register_onexit_function  0000000140009b9c f   ucrt:api-ms-win-crt-runtime-l1-1-0.dll
 0001:00008ba2       _crt_atexit                0000000140009ba2 f   ucrt:api-ms-win-crt-runtime-l1-1-0.dll
 0001:00008ba8       terminate                  0000000140009ba8 f   ucrt:api-ms-win-crt-runtime-l1-1-0.dll
 0001:00008bb0       __GSHandlerCheck           0000000140009bb0 f   MSVCRT:gshandler.obj
 0001:00008bd0       __GSHandlerCheckCommon     0000000140009bd0 f   MSVCRT:gshandler.obj
 0001:00008c40       _guard_dispatch_icall_nop  0000000140009c40 f   MSVCRT:guard_dispatch.obj
 0001:00008c60       _guard_xfg_dispatch_icall_nop 0000000140009c60 f   MSVCRT:guard_xfg_dispatch.obj
 0002:00000000       __imp_GetModuleHandleW     000000014000a000     kernel32:KERNEL32.dll
 0002:00000008       __imp_RtlLookupFunctionEntry 000000014000a008     kernel32:KERNEL32.dll
 0002:00000010       __imp_RtlVirtualUnwind     000000014000a010     kernel32:KERNEL32.dll
 0002:00000018       __imp_UnhandledExceptionFilter 000000014000a018     kernel32:KERNEL32.dll
 0002:00000020       __imp_SetUnhandledExceptionFilter 000000014000a020     kernel32:KERNEL32.dll
 0002:00000028       __imp_GetCurrentProcess    000000014000a028     kernel32:KERNEL32.dll
 0002:00000030       __imp_TerminateProcess     000000014000a030     kernel32:KERNEL32.dll
 0002:00000038       __imp_IsProcessorFeaturePresent 000000014000a038     kernel32:KERNEL32.dll
 0002:00000040       __imp_QueryPerformanceCounter 000000014000a040     kernel32:KERNEL32.dll
 0002:00000048       __imp_GetCurrentProcessId  000000014000a048     kernel32:KERNEL32.dll
 0002:00000050       __imp_GetCurrentThreadId   000000014000a050     kernel32:KERNEL32.dll
 0002:00000058       __imp_GetSystemTimeAsFileTime 000000014000a058     kernel32:KERNEL32.dll
 0002:00000060       __imp_InitializeSListHead  000000014000a060     kernel32:KERNEL32.dll
 0002:00000068       __imp_IsDebuggerPresent    000000014000a068     kernel32:KERNEL32.dll
 0002:00000070       __imp_RtlCaptureContext    000000014000a070     kernel32:KERNEL32.dll
 0002:00000078       \177KERNEL32_NULL_THUNK_DATA 000000014000a078     kernel32:KERNEL32.dll
 0002:00000080       __imp_?sputc@?$basic_streambuf@DU?$char_traits@D@std@@@std@@QEAAHD@Z 000000014000a080     msvcprt:MSVCP140.dll
 0002:00000088       __imp_?setstate@?$basic_ios@DU?$char_traits@D@std@@@std@@QEAAXH_N@Z 000000014000a088     msvcprt:MSVCP140.dll
 0002:00000090       __imp_?sputn@?$basic_streambuf@DU?$char_traits@D@std@@@std@@QEAA_JPEBD_J@Z 000000014000a090     msvcprt:MSVCP140.dll
 0002:00000098       __imp_?flush@?$basic_ostream@DU?$char_traits@D@std@@@std@@QEAAAEAV12@XZ 000000014000a098     msvcprt:MSVCP140.dll
 0002:000000a0       __imp_?_Osfx@?$basic_ostream@DU?$char_traits@D@std@@@std@@QEAAXXZ 000000014000a0a0     msvcprt:MSVCP140.dll
 0002:000000a8       __imp_?uncaught_exception@std@@YA_NXZ 000000014000a0a8     msvcprt:MSVCP140.dll
 0002:000000b0       __imp_?cout@std@@3V?$basic_ostream@DU?$char_traits@D@std@@@1@A 000000014000a0b0     msvcprt:MSVCP140.dll
 0002:000000b8       \177MSVCP140_NULL_THUNK_DATA 000000014000a0b8     msvcprt:MSVCP140.dll
 0002:000000c0       __imp___current_exception_context 000000014000a0c0     vcruntime:VCRUNTIME140.dll
 0002:000000c8       __imp___current_exception  000000014000a0c8     vcruntime:VCRUNTIME140.dll
 0002:000000d0       __imp_memset               000000014000a0d0     vcruntime:VCRUNTIME140.dll
 0002:000000d8       __imp___C_specific_handler 000000014000a0d8     vcruntime:VCRUNTIME140.dll
 0002:000000e0       __imp___std_terminate      000000014000a0e0     vcruntime:VCRUNTIME140.dll
 0002:000000e8       \177VCRUNTIME140_NULL_THUNK_DATA 000000014000a0e8     vcruntime:VCRUNTIME140.dll
 0002:000000f0       __imp___CxxFrameHandler4   000000014000a0f0     vcruntime:VCRUNTIME140_1.dll
 0002:000000f8       \177VCRUNTIME140_1_NULL_THUNK_DATA 000000014000a0f8     vcruntime:VCRUNTIME140_1.dll
 0002:00000100       __imp__set_new_mode        000000014000a100     ucrt:api-ms-win-crt-heap-l1-1-0.dll
 0002:00000108       \177api-ms-win-crt-heap-l1-1-0_NULL_THUNK_DATA 000000014000a108     ucrt:api-ms-win-crt-heap-l1-1-0.dll
 0002:00000110       __imp__configthreadlocale  000000014000a110     ucrt:api-ms-win-crt-locale-l1-1-0.dll
 0002:00000118       \177api-ms-win-crt-locale-l1-1-0_NULL_THUNK_DATA 000000014000a118     ucrt:api-ms-win-crt-locale-l1-1-0.dll
 0002:00000120       __imp___setusermatherr     000000014000a120     ucrt:api-ms-win-crt-math-l1-1-0.dll
 0002:00000128       \177api-ms-win-crt-math-l1-1-0_NULL_THUNK_DATA 000000014000a128     ucrt:api-ms-win-crt-math-l1-1-0.dll
 0002:00000130       __imp__crt_atexit          000000014000a130     ucrt:api-ms-win-crt-runtime-l1-1-0.dll
 0002:00000138       __imp__register_onexit_function 000000014000a138     ucrt:api-ms-win-crt-runtime-l1-1-0.dll
 0002:00000140       __imp__initterm_e          000000014000a140     ucrt:api-ms-win-crt-runtime-l1-1-0.dll
 0002:00000148       __imp__initialize_onexit_table 000000014000a148     ucrt:api-ms-win-crt-runtime-l1-1-0.dll
 0002:00000150       __imp__register_thread_local_exe_atexit_callback 000000014000a150     ucrt:api-ms-win-crt-runtime-l1-1-0.dll
 0002:00000158       __imp__get_initial_narrow_environment 000000014000a158     ucrt:api-ms-win-crt-runtime-l1-1-0.dll
 0002:00000160       __imp__initialize_narrow_environment 000000014000a160     ucrt:api-ms-win-crt-runtime-l1-1-0.dll
 0002:00000168       __imp__configure_narrow_argv 000000014000a168     ucrt:api-ms-win-crt-runtime-l1-1-0.dll
 0002:00000170       __imp__c_exit              000000014000a170     ucrt:api-ms-win-crt-runtime-l1-1-0.dll
 0002:00000178       __imp__set_app_type        000000014000a178     ucrt:api-ms-win-crt-runtime-l1-1-0.dll
 0002:00000180       __imp__seh_filter_exe      000000014000a180     ucrt:api-ms-win-crt-runtime-l1-1-0.dll
 0002:00000188       __imp__cexit               000000014000a188     ucrt:api-ms-win-crt-runtime-l1-1-0.dll
 0002:00000190       __imp___p___argv           000000014000a190     ucrt:api-ms-win-crt-runtime-l1-1-0.dll
 0002:00000198       __imp__initterm            000000014000a198     ucrt:api-ms-win-crt-runtime-l1-1-0.dll
 0002:000001a0       __imp__exit                000000014000a1a0     ucrt:api-ms-win-crt-runtime-l1-1-0.dll
 0002:000001a8       __imp_exit                 000000014000a1a8     ucrt:api-ms-win-crt-runtime-l1-1-0.dll
 0002:000001b0       __imp_terminate            000000014000a1b0     ucrt:api-ms-win-crt-runtime-l1-1-0.dll
 0002:000001b8       __imp___p___argc           000000014000a1b8     ucrt:api-ms-win-crt-runtime-l1-1-0.dll
 0002:000001c0       \177api-ms-win-crt-runtime-l1-1-0_NULL_THUNK_DATA 000000014000a1c0     ucrt:api-ms-win-crt-runtime-l1-1-0.dll
 0002:000001c8       __imp__set_fmode           000000014000a1c8     ucrt:api-ms-win-crt-stdio-l1-1-0.dll
 0002:000001d0       __imp___p__commode         000000014000a1d0     ucrt:api-ms-win-crt-stdio-l1-1-0.dll
 0002:000001d8       \177api-ms-win-crt-stdio-l1-1-0_NULL_THUNK_DATA 000000014000a1d8     ucrt:api-ms-win-crt-stdio-l1-1-0.dll
 0002:000001e0       __guard_check_icall_fptr   000000014000a1e0     MSVCRT:guard_support.obj
 0002:000001e8       __guard_xfg_check_icall_fptr 000000014000a1e8     MSVCRT:guard_support.obj
 0002:000001f0       __guard_dispatch_icall_fptr 000000014000a1f0     MSVCRT:guard_support.obj
 0002:000001f8       __guard_xfg_dispatch_icall_fptr 000000014000a1f8     MSVCRT:guard_support.obj
 0002:00000200       __guard_xfg_table_dispatch_icall_fptr 000000014000a200     MSVCRT:guard_support.obj
 0002:00000208       __xc_a                     000000014000a208     MSVCRT:initializers.obj
 0002:00000218       __xc_z                     000000014000a218     MSVCRT:initializers.obj
 0002:00000220       __xi_a                     000000014000a220     MSVCRT:initializers.obj
 0002:00000238       __xi_z                     000000014000a238     MSVCRT:initializers.obj
 0002:00000240       __xp_a                     000000014000a240     MSVCRT:initializers.obj
 0002:00000248       __xp_z                     000000014000a248     MSVCRT:initializers.obj
 0002:00000250       __xt_a                     000000014000a250     MSVCRT:initializers.obj
 0002:00000258       __xt_z                     000000014000a258     MSVCRT:initializers.obj
 0002:00000270       __xmm@ffffffffffffffffffffffffffffffff 000000014000a270     MSVCRT:utility.obj
 0002:00000280       ??_C@_0O@NFOCKKMG@Hello?5World?$CB?6@ 000000014000a280     test_app.obj
 0002:00000290       ??_C@_0BE@ODPGHILP@NtAcceptConnectPort@ 000000014000a290     HIGU_ntcall:syscall_table.obj
 0002:000002a8       ??_C@_0O@IPEOJKMK@NtAccessCheck@ 000000014000a2a8     HIGU_ntcall:syscall_table.obj
 0002:000002b8       ??_C@_0BL@HMEHCCFI@NtAccessCheckAndAuditAlarm@ 000000014000a2b8     HIGU_ntcall:syscall_table.obj
 0002:000002d8       ??_C@_0BE@NCABDICG@NtAccessCheckByType@ 000000014000a2d8     HIGU_ntcall:syscall_table.obj
 0002:000002f0       ??_C@_0CB@NFPDKOLM@NtAccessCheckByTypeAndAuditAlar@ 000000014000a2f0     HIGU_ntcall:syscall_table.obj
 0002:00000318       ??_C@_0BO@HLCMGOG@NtAccessCheckByTypeResultList@ 000000014000a318     HIGU_ntcall:syscall_table.obj
 0002:00000338       ??_C@_0CL@BKPJHLIF@NtAccessCheckByTypeResultListAn@ 000000014000a338     HIGU_ntcall:syscall_table.obj
 0002:00000368       ??_C@_0DD@NBEPIKJI@NtAccessCheckByTypeResultListAn@ 000000014000a368     HIGU_ntcall:syscall_table.obj
 0002:000003a0       ??_C@_0CC@IIIFLHCM@NtAcquireProcessActivityReferen@ 000000014000a3a0     HIGU_ntcall:syscall_table.obj
 0002:000003c8       ??_C@_09CKPEAKEP@NtAddAtom@ 000000014000a3c8     HIGU_ntcall:syscall_table.obj
 0002:000003d8       ??_C@_0M@GIDCMPF@NtAddAtomEx@ 000000014000a3d8     HIGU_ntcall:syscall_table.obj
 0002:000003e8       ??_C@_0P@GLBOJNND@NtAddBootEntry@ 000000014000a3e8     HIGU_ntcall:syscall_table.obj
 0002:000003f8       ??_C@_0BB@OFMAPKON@NtAddDriverEntry@ 000000014000a3f8     HIGU_ntcall:syscall_table.obj
 0002:00000410       ??_C@_0BE@NAFBOEAG@NtAdjustGroupsToken@ 000000014000a410     HIGU_ntcall:syscall_table.obj
 0002:00000428       ??_C@_0BI@JGDBJEPN@NtAdjustPrivilegesToken@ 000000014000a428     HIGU_ntcall:syscall_table.obj
 0002:00000440       ??_C@_0CD@MNJAPGPG@NtAdjustTokenClaimsAndDeviceGro@ 000000014000a440     HIGU_ntcall:syscall_table.obj
 0002:00000468       ??_C@_0BE@IPFMANGC@NtAlertResumeThread@ 000000014000a468     HIGU_ntcall:syscall_table.obj
 0002:00000480       ??_C@_0O@BKPBINIP@NtAlertThread@ 000000014000a480     HIGU_ntcall:syscall_table.obj
 0002:00000490       ??_C@_0BI@JFLBLOGG@NtAlertThreadByThreadId@ 000000014000a490     HIGU_ntcall:syscall_table.obj
 0002:000004a8       ??_C@_0BK@KGPOCKGB@NtAllocateLocallyUniqueId@ 000000014000a4a8     HIGU_ntcall:syscall_table.obj
 0002:000004c8       ??_C@_0BI@KHHBLJCM@NtAllocateReserveObject@ 000000014000a4c8     HIGU_ntcall:syscall_table.obj
 0002:000004e0       ??_C@_0BM@NODLOBEE@NtAllocateUserPhysicalPages@ 000000014000a4e0     HIGU_ntcall:syscall_table.obj
 0002:00000500       ??_C@_0BA@NHNMOMGG@NtAllocateUuids@ 000000014000a500     HIGU_ntcall:syscall_table.obj
 0002:00000510       ??_C@_0BI@BKMFFNKN@NtAllocateVirtualMemory@ 000000014000a510     HIGU_ntcall:syscall_table.obj
 0002:00000528       ??_C@_0BK@JPMEEJPN@NtAllocateVirtualMemoryEx@ 000000014000a528     HIGU_ntcall:syscall_table.obj
 0002:00000548       ??_C@_0BI@DOPFKNNF@NtAlpcAcceptConnectPort@ 000000014000a548     HIGU_ntcall:syscall_table.obj
 0002:00000560       ??_C@_0BE@JHKAOGPP@NtAlpcCancelMessage@ 000000014000a560     HIGU_ntcall:syscall_table.obj
 0002:00000578       ??_C@_0BC@NILLMDHH@NtAlpcConnectPort@ 000000014000a578     HIGU_ntcall:syscall_table.obj
 0002:00000590       ??_C@_0BE@PDKEBIFF@NtAlpcConnectPortEx@ 000000014000a590     HIGU_ntcall:syscall_table.obj
 0002:000005a8       ??_C@_0BB@KBPIBMFF@NtAlpcCreatePort@ 000000014000a5a8     HIGU_ntcall:syscall_table.obj
 0002:000005c0       ??_C@_0BI@PGKELPCN@NtAlpcCreatePortSection@ 000000014000a5c0     HIGU_ntcall:syscall_table.obj
 0002:000005d8       ??_C@_0BM@PMHGKDBI@NtAlpcCreateResourceReserve@ 000000014000a5d8     HIGU_ntcall:syscall_table.obj
 0002:000005f8       ??_C@_0BI@IKIMIMAA@NtAlpcCreateSectionView@ 000000014000a5f8     HIGU_ntcall:syscall_table.obj
 0002:00000610       ??_C@_0BM@KOBNOPFN@NtAlpcCreateSecurityContext@ 000000014000a610     HIGU_ntcall:syscall_table.obj
 0002:00000630       ??_C@_0BI@HHEODLMC@NtAlpcDeletePortSection@ 000000014000a630     HIGU_ntcall:syscall_table.obj
 0002:00000648       ??_C@_0BM@KKHIOJPK@NtAlpcDeleteResourceReserve@ 000000014000a648     HIGU_ntcall:syscall_table.obj
 0002:00000668       ??_C@_0BI@LGGAIOP@NtAlpcDeleteSectionView@ 000000014000a668     HIGU_ntcall:syscall_table.obj
 0002:00000680       ??_C@_0BM@PIBDKFLP@NtAlpcDeleteSecurityContext@ 000000014000a680     HIGU_ntcall:syscall_table.obj
 0002:000006a0       ??_C@_0BF@FKNELCJE@NtAlpcDisconnectPort@ 000000014000a6a0     HIGU_ntcall:syscall_table.obj
 0002:000006b8       ??_C@_0CH@GEBGDOOA@NtAlpcImpersonateClientContaine@ 000000014000a6b8     HIGU_ntcall:syscall_table.obj
 0002:000006e0       ??_C@_0BO@INJDCFMN@NtAlpcImpersonateClientOfPort@ 000000014000a6e0     HIGU_ntcall:syscall_table.obj
 0002:00000700       ??_C@_0BI@IDGDGBNK@NtAlpcOpenSenderProcess@ 000000014000a700     HIGU_ntcall:syscall_table.obj
 0002:00000718       ??_C@_0BH@JAHLBINK@NtAlpcOpenSenderThread@ 000000014000a718     HIGU_ntcall:syscall_table.obj
 0002:00000730       ??_C@_0BH@NKMCNGLO@NtAlpcQueryInformation@ 000000014000a730     HIGU_ntcall:syscall_table.obj
 0002:00000748       ??_C@_0BO@OAELKKKG@NtAlpcQueryInformationMessage@ 000000014000a748     HIGU_ntcall:syscall_table.obj
 0002:00000768       ??_C@_0BM@DBAPFNGB@NtAlpcRevokeSecurityContext@ 000000014000a768     HIGU_ntcall:syscall_table.obj
 0002:00000788       ??_C@_0BK@MADOEJBO@NtAlpcSendWaitReceivePort@ 000000014000a788     HIGU_ntcall:syscall_table.obj
 0002:000007a8       ??_C@_0BF@CFLGMBPN@NtAlpcSetInformation@ 000000014000a7a8     HIGU_ntcall:syscall_table.obj
 0002:000007c0       ??_C@_0BG@LHJJGKJJ@NtApphelpCacheControl@ 000000014000a7c0     HIGU_ntcall:syscall_table.obj
 0002:000007d8       ??_C@_0BI@LPIPKEFH@NtAreMappedFilesTheSame@ 000000014000a7d8     HIGU_ntcall:syscall_table.obj
 0002:000007f0       ??_C@_0BL@CJFGDNCA@NtAssignProcessToJobObject@ 000000014000a7f0     HIGU_ntcall:syscall_table.obj
 0002:00000810       ??_C@_0CA@LCFEDOGF@NtAssociateWaitCompletionPacket@ 000000014000a810     HIGU_ntcall:syscall_table.obj
 0002:00000830       ??_C@_0O@NKDKIPAC@NtCallEnclave@ 000000014000a830     HIGU_ntcall:syscall_table.obj
 0002:00000840       ??_C@_0BB@JMFJJKDD@NtCallbackReturn@ 000000014000a840     HIGU_ntcall:syscall_table.obj
 0002:00000858       ??_C@_0P@GPODIPN@NtCancelIoFile@ 000000014000a858     HIGU_ntcall:syscall_table.obj
 0002:00000868       ??_C@_0BB@BIKHJNEF@NtCancelIoFileEx@ 000000014000a868     HIGU_ntcall:syscall_table.obj
 0002:00000880       ??_C@_0BK@POBIMMMH@NtCancelSynchronousIoFile@ 000000014000a880     HIGU_ntcall:syscall_table.obj
 0002:000008a0       ??_C@_0O@OPDFHNPD@NtCancelTimer@ 000000014000a8a0     HIGU_ntcall:syscall_table.obj
 0002:000008b0       ??_C@_0P@MJCLMCKK@NtCancelTimer2@ 000000014000a8b0     HIGU_ntcall:syscall_table.obj
 0002:000008c0       ??_C@_0BN@GBBFILCI@NtCancelWaitCompletionPacket@ 000000014000a8c0     HIGU_ntcall:syscall_table.obj
 0002:000008e0       ??_C@_0N@EJHKHDGI@NtClearEvent@ 000000014000a8e0     HIGU_ntcall:syscall_table.obj
 0002:000008f0       ??_C@_07EGJLEIEB@NtClose@  000000014000a8f0     HIGU_ntcall:syscall_table.obj
 0002:000008f8       ??_C@_0BI@ODDKDACP@NtCloseObjectAuditAlarm@ 000000014000a8f8     HIGU_ntcall:syscall_table.obj
 0002:00000910       ??_C@_0BB@BPCMHDNO@NtCommitComplete@ 000000014000a910     HIGU_ntcall:syscall_table.obj
 0002:00000928       ??_C@_0BD@JILJNKDH@NtCommitEnlistment@ 000000014000a928     HIGU_ntcall:syscall_table.obj
 0002:00000940       ??_C@_0BM@BOLEJCOH@NtCommitRegistryTransaction@ 000000014000a940     HIGU_ntcall:syscall_table.obj
 0002:00000960       ??_C@_0BE@DOFNFDBJ@NtCommitTransaction@ 000000014000a960     HIGU_ntcall:syscall_table.obj
 0002:00000978       ??_C@_0O@MEAFNHLJ@NtCompactKeys@ 000000014000a978     HIGU_ntcall:syscall_table.obj
 0002:00000988       ??_C@_0BB@FCDNEONP@NtCompareObjects@ 000000014000a988     HIGU_ntcall:syscall_table.obj
 0002:000009a0       ??_C@_0BH@ENMIOKAE@NtCompareSigningLevels@ 000000014000a9a0     HIGU_ntcall:syscall_table.obj
 0002:000009b8       ??_C@_0BA@DPBODOPL@NtCompareTokens@ 000000014000a9b8     HIGU_ntcall:syscall_table.obj
 0002:000009c8       ??_C@_0BG@ILIFEBNN@NtCompleteConnectPort@ 000000014000a9c8     HIGU_ntcall:syscall_table.obj
 0002:000009e0       ??_C@_0O@HGILHNCH@NtCompressKey@ 000000014000a9e0     HIGU_ntcall:syscall_table.obj
 0002:000009f0       ??_C@_0O@PEODMEHC@NtConnectPort@ 000000014000a9f0     HIGU_ntcall:syscall_table.obj
 0002:00000a00       ??_C@_0L@EPGBAMPH@NtContinue@ 000000014000aa00     HIGU_ntcall:syscall_table.obj
 0002:00000a10       ??_C@_0DG@EBDJEKNI@NtConvertBetweenAuxiliaryCounte@ 000000014000aa10     HIGU_ntcall:syscall_table.obj
 0002:00000a48       ??_C@_0BF@CEKDOCEH@NtCreateCrossVmEvent@ 000000014000aa48     HIGU_ntcall:syscall_table.obj
 0002:00000a60       ??_C@_0BE@HLOEAMPP@NtCreateDebugObject@ 000000014000aa60     HIGU_ntcall:syscall_table.obj
 0002:00000a78       ??_C@_0BI@HPAPPJDJ@NtCreateDirectoryObject@ 000000014000aa78     HIGU_ntcall:syscall_table.obj
 0002:00000a90       ??_C@_0BK@FLFCAENI@NtCreateDirectoryObjectEx@ 000000014000aa90     HIGU_ntcall:syscall_table.obj
 0002:00000ab0       ??_C@_0BA@BNCPKENH@NtCreateEnclave@ 000000014000aab0     HIGU_ntcall:syscall_table.obj
 0002:00000ac0       ??_C@_0BD@PGDOJMGN@NtCreateEnlistment@ 000000014000aac0     HIGU_ntcall:syscall_table.obj
 0002:00000ad8       ??_C@_0O@JODPMJML@NtCreateEvent@ 000000014000aad8     HIGU_ntcall:syscall_table.obj
 0002:00000ae8       ??_C@_0BC@JBNNOEMB@NtCreateEventPair@ 000000014000aae8     HIGU_ntcall:syscall_table.obj
 0002:00000b00       ??_C@_0N@KPMLACHP@NtCreateFile@ 000000014000ab00     HIGU_ntcall:syscall_table.obj
 0002:00000b10       ??_C@_0BA@KFOJOANM@NtCreateIRTimer@ 000000014000ab10     HIGU_ntcall:syscall_table.obj
 0002:00000b20       ??_C@_0BF@EGGGJEIB@NtCreateIoCompletion@ 000000014000ab20     HIGU_ntcall:syscall_table.obj
 0002:00000b38       ??_C@_0BC@OJALIEPB@NtCreateJobObject@ 000000014000ab38     HIGU_ntcall:syscall_table.obj
 0002:00000b50       ??_C@_0P@DIGPIOJC@NtCreateJobSet@ 000000014000ab50     HIGU_ntcall:syscall_table.obj
 0002:00000b60       ??_C@_0M@DAAEGBND@NtCreateKey@ 000000014000ab60     HIGU_ntcall:syscall_table.obj
 0002:00000b70       ??_C@_0BG@MNPFNBP@NtCreateKeyTransacted@ 000000014000ab70     HIGU_ntcall:syscall_table.obj
 0002:00000b88       ??_C@_0BD@JHDPIODG@NtCreateKeyedEvent@ 000000014000ab88     HIGU_ntcall:syscall_table.obj
 0002:00000ba0       ??_C@_0BE@OEANNPMB@NtCreateLowBoxToken@ 000000014000aba0     HIGU_ntcall:syscall_table.obj
 0002:00000bb8       ??_C@_0BF@GMMNLLAJ@NtCreateMailslotFile@ 000000014000abb8     HIGU_ntcall:syscall_table.obj
 0002:00000bd0       ??_C@_0P@OGFCCMAI@NtCreateMutant@ 000000014000abd0     HIGU_ntcall:syscall_table.obj
 0002:00000be0       ??_C@_0BG@KAOBEKOP@NtCreateNamedPipeFile@ 000000014000abe0     HIGU_ntcall:syscall_table.obj
 0002:00000bf8       ??_C@_0BD@HFBAOKFM@NtCreatePagingFile@ 000000014000abf8     HIGU_ntcall:syscall_table.obj
 0002:00000c10       ??_C@_0BC@IBGMOLOG@NtCreatePartition@ 000000014000ac10     HIGU_ntcall:syscall_table.obj
 0002:00000c28       ??_C@_0N@CAGBJCOL@NtCreatePort@ 000000014000ac28     HIGU_ntcall:syscall_table.obj
 0002:00000c38       ??_C@_0BJ@LJHJJBOO@NtCreatePrivateNamespace@ 000000014000ac38     HIGU_ntcall:syscall_table.obj
 0002:00000c58       ??_C@_0BA@OJKJNKOD@NtCreateProcess@ 000000014000ac58     HIGU_ntcall:syscall_table.obj
 0002:00000c68       ??_C@_0BC@ICOCMOJJ@NtCreateProcessEx@ 000000014000ac68     HIGU_ntcall:syscall_table.obj
 0002:00000c80       ??_C@_0BA@GAHNLLLB@NtCreateProfile@ 000000014000ac80     HIGU_ntcall:syscall_table.obj
 0002:00000c90       ??_C@_0BC@DANKCJFF@NtCreateProfileEx@ 000000014000ac90     HIGU_ntcall:syscall_table.obj
 0002:00000ca8       ??_C@_0BM@GJHFCIDD@NtCreateRegistryTransaction@ 000000014000aca8     HIGU_ntcall:syscall_table.obj
 0002:00000cc8       ??_C@_0BI@JHNIDAAN@NtCreateResourceManager@ 000000014000acc8     HIGU_ntcall:syscall_table.obj
 0002:00000ce0       ??_C@_0BA@MANLHNBJ@NtCreateSection@ 000000014000ace0     HIGU_ntcall:syscall_table.obj
 0002:00000cf0       ??_C@_0BC@CEADNIJH@NtCreateSectionEx@ 000000014000acf0     HIGU_ntcall:syscall_table.obj
 0002:00000d08       ??_C@_0BC@PEGCAOOD@NtCreateSemaphore@ 000000014000ad08     HIGU_ntcall:syscall_table.obj
 0002:00000d20       ??_C@_0BL@EBFDOHBM@NtCreateSymbolicLinkObject@ 000000014000ad20     HIGU_ntcall:syscall_table.obj
 0002:00000d40       ??_C@_0P@OKOANDML@NtCreateThread@ 000000014000ad40     HIGU_ntcall:syscall_table.obj
 0002:00000d50       ??_C@_0BB@KGGDNLNO@NtCreateThreadEx@ 000000014000ad50     HIGU_ntcall:syscall_table.obj
 0002:00000d68       ??_C@_0O@CLLOHICO@NtCreateTimer@ 000000014000ad68     HIGU_ntcall:syscall_table.obj
 0002:00000d78       ??_C@_0P@DBINOHMG@NtCreateTimer2@ 000000014000ad78     HIGU_ntcall:syscall_table.obj
 0002:00000d88       ??_C@_0O@GHOCIPAP@NtCreateToken@ 000000014000ad88     HIGU_ntcall:syscall_table.obj
 0002:00000d98       ??_C@_0BA@GLCIFJEJ@NtCreateTokenEx@ 000000014000ad98     HIGU_ntcall:syscall_table.obj
 0002:00000da8       ??_C@_0BE@LFINGMLF@NtCreateTransaction@ 000000014000ada8     HIGU_ntcall:syscall_table.obj
 0002:00000dc0       ??_C@_0BL@JCLABIBC@NtCreateTransactionManager@ 000000014000adc0     HIGU_ntcall:syscall_table.obj
 0002:00000de0       ??_C@_0BE@IIPCAPLK@NtCreateUserProcess@ 000000014000ade0     HIGU_ntcall:syscall_table.obj
 0002:00000df8       ??_C@_0BN@MNKHPKBL@NtCreateWaitCompletionPacket@ 000000014000adf8     HIGU_ntcall:syscall_table.obj
 0002:00000e18       ??_C@_0BF@DHJIJJBL@NtCreateWaitablePort@ 000000014000ae18     HIGU_ntcall:syscall_table.obj
 0002:00000e30       ??_C@_0BF@DMDAKBPM@NtCreateWnfStateName@ 000000014000ae30     HIGU_ntcall:syscall_table.obj
 0002:00000e48       ??_C@_0BG@MEDPHOGD@NtCreateWorkerFactory@ 000000014000ae48     HIGU_ntcall:syscall_table.obj
 0002:00000e60       ??_C@_0BF@LNDHJKNI@NtDebugActiveProcess@ 000000014000ae60     HIGU_ntcall:syscall_table.obj
 0002:00000e78       ??_C@_0BA@CPDFMFD@NtDebugContinue@ 000000014000ae78     HIGU_ntcall:syscall_table.obj
 0002:00000e88       ??_C@_0BB@HDNGEBBO@NtDelayExecution@ 000000014000ae88     HIGU_ntcall:syscall_table.obj
 0002:00000ea0       ??_C@_0N@LBKHFCMP@NtDeleteAtom@ 000000014000aea0     HIGU_ntcall:syscall_table.obj
 0002:00000eb0       ??_C@_0BC@CIAOMJDE@NtDeleteBootEntry@ 000000014000aeb0     HIGU_ntcall:syscall_table.obj
 0002:00000ec8       ??_C@_0BE@JIPJEJDL@NtDeleteDriverEntry@ 000000014000aec8     HIGU_ntcall:syscall_table.obj
 0002:00000ee0       ??_C@_0N@GLGLDFMM@NtDeleteFile@ 000000014000aee0     HIGU_ntcall:syscall_table.obj
 0002:00000ef0       ??_C@_0M@PBHJGKCK@NtDeleteKey@ 000000014000aef0     HIGU_ntcall:syscall_table.obj
 0002:00000f00       ??_C@_0BJ@DLJAIIHM@NtDeleteObjectAuditAlarm@ 000000014000af00     HIGU_ntcall:syscall_table.obj
 0002:00000f20       ??_C@_0BJ@PHCLBMPA@NtDeletePrivateNamespace@ 000000014000af20     HIGU_ntcall:syscall_table.obj
 0002:00000f40       ??_C@_0BB@JDIHMLFD@NtDeleteValueKey@ 000000014000af40     HIGU_ntcall:syscall_table.obj
 0002:00000f58       ??_C@_0BF@DBCPPBML@NtDeleteWnfStateData@ 000000014000af58     HIGU_ntcall:syscall_table.obj
 0002:00000f70       ??_C@_0BF@MAELEJB@NtDeleteWnfStateName@ 000000014000af70     HIGU_ntcall:syscall_table.obj
 0002:00000f88       ??_C@_0BG@PCMBHBNE@NtDeviceIoControlFile@ 000000014000af88     HIGU_ntcall:syscall_table.obj
 0002:00000fa0       ??_C@_0BH@PGEIDGMI@NtDisableLastKnownGood@ 000000014000afa0     HIGU_ntcall:syscall_table.obj
 0002:00000fb8       ??_C@_0BA@PBIGPFKM@NtDisplayString@ 000000014000afb8     HIGU_ntcall:syscall_table.obj
 0002:00000fc8       ??_C@_0L@GJNDAMPG@NtDrawText@ 000000014000afc8     HIGU_ntcall:syscall_table.obj
 0002:00000fd8       ??_C@_0BC@MDCBEKCC@NtDuplicateObject@ 000000014000afd8     HIGU_ntcall:syscall_table.obj
 0002:00000ff0       ??_C@_0BB@OGDPBJBJ@NtDuplicateToken@ 000000014000aff0     HIGU_ntcall:syscall_table.obj
 0002:00001008       ??_C@_0BG@EDIMENOD@NtEnableLastKnownGood@ 000000014000b008     HIGU_ntcall:syscall_table.obj
 0002:00001020       ??_C@_0BH@DMIODNGA@NtEnumerateBootEntries@ 000000014000b020     HIGU_ntcall:syscall_table.obj
 0002:00001038       ??_C@_0BJ@HFLPFDDF@NtEnumerateDriverEntries@ 000000014000b038     HIGU_ntcall:syscall_table.obj
 0002:00001058       ??_C@_0P@NOBPPJGE@NtEnumerateKey@ 000000014000b058     HIGU_ntcall:syscall_table.obj
 0002:00001068       ??_C@_0CF@EHNHPKKA@NtEnumerateSystemEnvironmentVal@ 000000014000b068     HIGU_ntcall:syscall_table.obj
 0002:00001090       ??_C@_0BN@OIGLNAGF@NtEnumerateTransactionObject@ 000000014000b090     HIGU_ntcall:syscall_table.obj
 0002:000010b0       ??_C@_0BE@IFPHOMMO@NtEnumerateValueKey@ 000000014000b0b0     HIGU_ntcall:syscall_table.obj
 0002:000010c8       ??_C@_0BA@CNFIHPK@NtExtendSection@ 000000014000b0c8     HIGU_ntcall:syscall_table.obj
 0002:000010d8       ??_C@_0BD@EBEPGKJF@NtFilterBootOption@ 000000014000b0d8     HIGU_ntcall:syscall_table.obj
 0002:000010f0       ??_C@_0O@HKLMAEJB@NtFilterToken@ 000000014000b0f0     HIGU_ntcall:syscall_table.obj
 0002:00001100       ??_C@_0BA@POIALJCL@NtFilterTokenEx@ 000000014000b100     HIGU_ntcall:syscall_table.obj
 0002:00001110       ??_C@_0L@NHDCDNDE@NtFindAtom@ 000000014000b110     HIGU_ntcall:syscall_table.obj
 0002:00001120       ??_C@_0BD@KLELALOK@NtFlushBuffersFile@ 000000014000b120     HIGU_ntcall:syscall_table.obj
 0002:00001138       ??_C@_0BF@KCPENFHA@NtFlushBuffersFileEx@ 000000014000b138     HIGU_ntcall:syscall_table.obj
 0002:00001150       ??_C@_0BJ@IFAJIGM@NtFlushInstallUILanguage@ 000000014000b150     HIGU_ntcall:syscall_table.obj
 0002:00001170       ??_C@_0BI@NEMBHADC@NtFlushInstructionCache@ 000000014000b170     HIGU_ntcall:syscall_table.obj
[...]
 0002:00006282       $N00184                    0000000140010282     test_app.exp
 0002:0000628c       $N00185                    000000014001028c     test_app.exp
 0002:00006298       $N00186                    0000000140010298     test_app.exp
 0002:000062ac       $N00187                    00000001400102ac     test_app.exp
 0002:000062c2       $N00188                    00000001400102c2     test_app.exp
 0002:000062d3       $N00189                    00000001400102d3     test_app.exp
 0002:000062e0       $N00190                    00000001400102e0     test_app.exp
 0002:000062f7       $N00191                    00000001400102f7     test_app.exp
 0002:0000630e       $N00192                    000000014001030e     test_app.exp
 0002:0000631c       $N00193                    000000014001031c     test_app.exp
 0002:0000632f       $N00194                    000000014001032f     test_app.exp
 0002:00006344       $N00195                    0000000140010344     test_app.exp
 0002:0000635a       $N00196                    000000014001035a     test_app.exp
 0002:00006368       $N00197                    0000000140010368     test_app.exp
 0002:00006378       $N00198                    0000000140010378     test_app.exp
 0002:00006386       $N00199                    0000000140010386     test_app.exp
 0002:0000639f       $N00200                    000000014001039f     test_app.exp
 0002:000063ac       $N00201                    00000001400103ac     test_app.exp
 0002:000063be       $N00202                    00000001400103be     test_app.exp
 0002:000063d2       $N00203                    00000001400103d2     test_app.exp
 0002:000063de       $N00204                    00000001400103de     test_app.exp
 0002:000063f0       $N00205                    00000001400103f0     test_app.exp
 0002:00006409       $N00206                    0000000140010409     test_app.exp
 0002:0000641b       $N00207                    000000014001041b     test_app.exp
 0002:0000642e       $N00208                    000000014001042e     test_app.exp
 0002:00006443       $N00209                    0000000140010443     test_app.exp
 0002:0000645a       $N00210                    000000014001045a     test_app.exp
 0002:0000646c       $N00211                    000000014001046c     test_app.exp
 0002:00006480       $N00212                    0000000140010480     test_app.exp
 0002:00006491       $N00213                    0000000140010491     test_app.exp
 0002:000064ad       $N00214                    00000001400104ad     test_app.exp
 0002:000064cb       $N00215                    00000001400104cb     test_app.exp
 0002:000064e1       $N00216                    00000001400104e1     test_app.exp
 0002:000064f5       $N00217                    00000001400104f5     test_app.exp
 0002:0000650c       $N00218                    000000014001050c     test_app.exp
 0002:00006519       $N00219                    0000000140010519     test_app.exp
 0002:0000652f       $N00220                    000000014001052f     test_app.exp
 0002:00006545       $N00221                    0000000140010545     test_app.exp
 0002:00006558       $N00222                    0000000140010558     test_app.exp
 0002:00006570       $N00223                    0000000140010570     test_app.exp
 0002:00006585       $N00224                    0000000140010585     test_app.exp
 0002:0000659e       $N00225                    000000014001059e     test_app.exp
 0002:000065b3       $N00226                    00000001400105b3     test_app.exp
 0002:000065ca       $N00227                    00000001400105ca     test_app.exp
 0002:000065e2       $N00228                    00000001400105e2     test_app.exp
 0002:000065f0       $N00229                    00000001400105f0     test_app.exp
 0002:000065fd       $N00230                    00000001400105fd     test_app.exp
 0002:00006617       $N00231                    0000000140010617     test_app.exp
 0002:0000662e       $N00232                    000000014001062e     test_app.exp
 0002:0000664b       $N00233                    000000014001064b     test_app.exp
 0002:00006662       $N00234                    0000000140010662     test_app.exp
 0002:0000667e       $N00235                    000000014001067e     test_app.exp
 0002:00006695       $N00236                    0000000140010695     test_app.exp
 0002:000066af       $N00237                    00000001400106af     test_app.exp
 0002:000066d1       $N00238                    00000001400106d1     test_app.exp
 0002:000066ea       $N00239                    00000001400106ea     test_app.exp
 0002:00006702       $N00240                    0000000140010702     test_app.exp
 0002:00006720       $N00241                    0000000140010720     test_app.exp
 0002:00006745       $N00242                    0000000140010745     test_app.exp
 0002:00006765       $N00243                    0000000140010765     test_app.exp
 0002:0000677e       $N00244                    000000014001077e     test_app.exp
 0002:00006795       $N00245                    0000000140010795     test_app.exp
 0002:000067a9       $N00246                    00000001400107a9     test_app.exp
 0002:000067b4       $N00247                    00000001400107b4     test_app.exp
 0002:000067c8       $N00248                    00000001400107c8     test_app.exp
 0002:000067e0       $N00249                    00000001400107e0     test_app.exp
 0002:000067ee       $N00250                    00000001400107ee     test_app.exp
 0002:000067fc       $N00251                    00000001400107fc     test_app.exp
 0002:0000680f       $N00252                    000000014001080f     test_app.exp
 0002:00006824       $N00253                    0000000140010824     test_app.exp
 0002:0000683e       $N00254                    000000014001083e     test_app.exp
 0002:0000685c       $N00255                    000000014001085c     test_app.exp
 0002:00006878       $N00256                    0000000140010878     test_app.exp
 0002:00006887       $N00257                    0000000140010887     test_app.exp
 0002:000068a6       $N00258                    00000001400108a6     test_app.exp
 0002:000068bc       $N00259                    00000001400108bc     test_app.exp
 0002:000068cd       $N00260                    00000001400108cd     test_app.exp
 0002:000068e7       $N00261                    00000001400108e7     test_app.exp
 0002:00006905       $N00262                    0000000140010905     test_app.exp
 0002:00006925       $N00263                    0000000140010925     test_app.exp
 0002:0000693e       $N00264                    000000014001093e     test_app.exp
 0002:00006959       $N00265                    0000000140010959     test_app.exp
 0002:00006966       $N00266                    0000000140010966     test_app.exp
 0002:0000697d       $N00267                    000000014001097d     test_app.exp
 0002:0000698d       $N00268                    000000014001098d     test_app.exp
 0002:000069a2       $N00269                    00000001400109a2     test_app.exp
 0002:000069bf       $N00270                    00000001400109bf     test_app.exp
 0002:000069d0       $N00271                    00000001400109d0     test_app.exp
 0002:000069e3       $N00272                    00000001400109e3     test_app.exp
 0002:000069f4       $N00273                    00000001400109f4     test_app.exp
 0002:00006a05       $N00274                    0000000140010a05     test_app.exp
 0002:00006a10       $N00275                    0000000140010a10     test_app.exp
 0002:00006a22       $N00276                    0000000140010a22     test_app.exp
 0002:00006a37       $N00277                    0000000140010a37     test_app.exp
 0002:00006a49       $N00278                    0000000140010a49     test_app.exp
 0002:00006a5d       $N00279                    0000000140010a5d     test_app.exp
 0002:00006a71       $N00280                    0000000140010a71     test_app.exp
 0002:00006a8a       $N00281                    0000000140010a8a     test_app.exp
 0002:00006aa6       $N00282                    0000000140010aa6     test_app.exp
 0002:00006acb       $N00283                    0000000140010acb     test_app.exp
 0002:00006ae9       $N00284                    0000000140010ae9     test_app.exp
 0002:00006afd       $N00285                    0000000140010afd     test_app.exp
 0002:00006b0d       $N00286                    0000000140010b0d     test_app.exp
 0002:00006b20       $N00287                    0000000140010b20     test_app.exp
 0002:00006b3d       $N00288                    0000000140010b3d     test_app.exp
 0002:00006b52       $N00289                    0000000140010b52     test_app.exp
 0002:00006b69       $N00290                    0000000140010b69     test_app.exp
 0002:00006b7e       $N00291                    0000000140010b7e     test_app.exp
 0002:00006b8a       $N00292                    0000000140010b8a     test_app.exp
 0002:00006ba5       $N00293                    0000000140010ba5     test_app.exp
 0002:00006bb2       $N00294                    0000000140010bb2     test_app.exp
 0002:00006bc9       $N00295                    0000000140010bc9     test_app.exp
 0002:00006bd5       $N00296                    0000000140010bd5     test_app.exp
 0002:00006bec       $N00297                    0000000140010bec     test_app.exp
 0002:00006c05       $N00298                    0000000140010c05     test_app.exp
 0002:00006c1a       $N00299                    0000000140010c1a     test_app.exp
 0002:00006c28       $N00300                    0000000140010c28     test_app.exp
 0002:00006c3f       $N00301                    0000000140010c3f     test_app.exp
 0002:00006c4c       $N00302                    0000000140010c4c     test_app.exp
 0002:00006c5e       $N00303                    0000000140010c5e     test_app.exp
 0002:00006c6b       $N00304                    0000000140010c6b     test_app.exp
 0002:00006c7b       $N00305                    0000000140010c7b     test_app.exp
 0002:00006c8a       $N00306                    0000000140010c8a     test_app.exp
 0002:00006c9d       $N00307                    0000000140010c9d     test_app.exp
 0002:00006cb2       $N00308                    0000000140010cb2     test_app.exp
 0002:00006cc8       $N00309                    0000000140010cc8     test_app.exp
 0002:00006ce8       $N00310                    0000000140010ce8     test_app.exp
 0002:00006cf2       $N00311                    0000000140010cf2     test_app.exp
 0002:00006cfe       $N00312                    0000000140010cfe     test_app.exp
 0002:00006d0f       $N00313                    0000000140010d0f     test_app.exp
 0002:00006d23       $N00314                    0000000140010d23     test_app.exp
 0002:00006d33       $N00315                    0000000140010d33     test_app.exp
 0002:00006d47       $N00316                    0000000140010d47     test_app.exp
 0002:00006d58       $N00317                    0000000140010d58     test_app.exp
 0002:00006d6b       $N00318                    0000000140010d6b     test_app.exp
 0002:00006d81       $N00319                    0000000140010d81     test_app.exp
 0002:00006d9b       $N00320                    0000000140010d9b     test_app.exp
 0002:00006dae       $N00321                    0000000140010dae     test_app.exp
 0002:00006dc5       $N00322                    0000000140010dc5     test_app.exp
 0002:00006ddb       $N00323                    0000000140010ddb     test_app.exp
 0002:00006de7       $N00324                    0000000140010de7     test_app.exp
 0002:00006df2       $N00325                    0000000140010df2     test_app.exp
 0002:00006e0a       $N00326                    0000000140010e0a     test_app.exp
 0002:00006e1d       $N00327                    0000000140010e1d     test_app.exp
 0002:00006e37       $N00328                    0000000140010e37     test_app.exp
 0002:00006e53       $N00329                    0000000140010e53     test_app.exp
 0002:00006e6e       $N00330                    0000000140010e6e     test_app.exp
 0002:00006e83       $N00331                    0000000140010e83     test_app.exp
 0002:00006e9d       $N00332                    0000000140010e9d     test_app.exp
 0002:00006eb1       $N00333                    0000000140010eb1     test_app.exp
 0002:00006ec8       $N00334                    0000000140010ec8     test_app.exp
 0002:00006ee0       $N00335                    0000000140010ee0     test_app.exp
 0002:00006f00       $N00336                    0000000140010f00     test_app.exp
 0002:00006f17       $N00337                    0000000140010f17     test_app.exp
 0002:00006f2d       $N00338                    0000000140010f2d     test_app.exp
 0002:00006f49       $N00339                    0000000140010f49     test_app.exp
 0002:00006f6c       $N00340                    0000000140010f6c     test_app.exp
 0002:00006f8a       $N00341                    0000000140010f8a     test_app.exp
 0002:00006f9f       $N00342                    0000000140010f9f     test_app.exp
 0002:00006fb1       $N00343                    0000000140010fb1     test_app.exp
 0002:00006fc5       $N00344                    0000000140010fc5     test_app.exp
 0002:00006fd5       $N00345                    0000000140010fd5     test_app.exp
 0002:00006fe7       $N00346                    0000000140010fe7     test_app.exp
 0002:00007001       $N00347                    0000000140011001     test_app.exp
 0002:0000701b       $N00348                    000000014001101b     test_app.exp
 0002:0000702f       $N00349                    000000014001102f     test_app.exp
 0002:0000704b       $N00350                    000000014001104b     test_app.exp
 0002:00007069       $N00351                    0000000140011069     test_app.exp
 0002:00007080       $N00352                    0000000140011080     test_app.exp
 0002:00007096       $N00353                    0000000140011096     test_app.exp
 0002:000070a6       $N00354                    00000001400110a6     test_app.exp
 0002:000070c0       $N00355                    00000001400110c0     test_app.exp
 0002:000070cb       $N00356                    00000001400110cb     test_app.exp
 0002:000070d8       $N00357                    00000001400110d8     test_app.exp
 0002:000070ed       $N00358                    00000001400110ed     test_app.exp
 0002:000070fb       $N00359                    00000001400110fb     test_app.exp
 0002:00007109       $N00360                    0000000140011109     test_app.exp
 0002:00007124       $N00361                    0000000140011124     test_app.exp
 0002:00007135       $N00362                    0000000140011135     test_app.exp
 0002:0000714d       $N00363                    000000014001114d     test_app.exp
 0002:0000716c       $N00364                    000000014001116c     test_app.exp
 0002:00007180       $N00365                    0000000140011180     test_app.exp
 0002:0000718f       $N00366                    000000014001118f     test_app.exp
 0002:0000719d       $N00367                    000000014001119d     test_app.exp
 0002:000071ae       $N00368                    00000001400111ae     test_app.exp
 0002:000071be       $N00369                    00000001400111be     test_app.exp
 0002:000071d3       $N00370                    00000001400111d3     test_app.exp
 0002:000071e6       $N00371                    00000001400111e6     test_app.exp
 0002:000071fb       $N00372                    00000001400111fb     test_app.exp
 0002:0000720e       $N00373                    000000014001120e     test_app.exp
 0002:00007220       $N00374                    0000000140011220     test_app.exp
 0002:0000722c       $N00375                    000000014001122c     test_app.exp
 0002:0000723b       $N00376                    000000014001123b     test_app.exp
 0002:0000724e       $N00377                    000000014001124e     test_app.exp
 0002:0000725d       $N00378                    000000014001125d     test_app.exp
 0002:0000726a       $N00379                    000000014001126a     test_app.exp
 0002:0000727e       $N00380                    000000014001127e     test_app.exp
 0002:0000728f       $N00381                    000000014001128f     test_app.exp
 0002:0000729e       $N00382                    000000014001129e     test_app.exp
 0002:000072aa       $N00383                    00000001400112aa     test_app.exp
 0002:000072b7       $N00384                    00000001400112b7     test_app.exp
 0002:000072c5       $N00385                    00000001400112c5     test_app.exp
 0002:000072d2       $N00386                    00000001400112d2     test_app.exp
 0002:000072e8       $N00387                    00000001400112e8     test_app.exp
 0002:000072fd       $N00388                    00000001400112fd     test_app.exp
 0002:0000730a       $N00389                    000000014001130a     test_app.exp
 0002:0000731e       $N00390                    000000014001131e     test_app.exp
 0002:00007332       $N00391                    0000000140011332     test_app.exp
 0002:0000734b       $N00392                    000000014001134b     test_app.exp
 0002:00007366       $N00393                    0000000140011366     test_app.exp
 0002:0000737c       $N00394                    000000014001137c     test_app.exp
 0002:0000739a       $N00395                    000000014001139a     test_app.exp
 0002:000073ae       $N00396                    00000001400113ae     test_app.exp
 0002:000073c1       $N00397                    00000001400113c1     test_app.exp
 0002:000073dc       $N00398                    00000001400113dc     test_app.exp
 0002:000073e8       $N00399                    00000001400113e8     test_app.exp
 0002:000073fa       $N00400                    00000001400113fa     test_app.exp
 0002:0000740d       $N00401                    000000014001140d     test_app.exp
 0002:00007422       $N00402                    0000000140011422     test_app.exp
 0002:0000788a       .idata$6                   000000014001188a     msvcprt:MSVCP140.dll
 0002:00007916       .idata$6                   0000000140011916     vcruntime:VCRUNTIME140_1.dll
 0002:0000792a       .idata$6                   000000014001192a     vcruntime:VCRUNTIME140.dll
 0002:00007aee       .idata$6                   0000000140011aee     ucrt:api-ms-win-crt-runtime-l1-1-0.dll
 0002:00007b10       .idata$6                   0000000140011b10     ucrt:api-ms-win-crt-math-l1-1-0.dll
 0002:00007b30       .idata$6                   0000000140011b30     ucrt:api-ms-win-crt-stdio-l1-1-0.dll
 0002:00007b50       .idata$6                   0000000140011b50     ucrt:api-ms-win-crt-locale-l1-1-0.dll
 0002:00007b72       .idata$6                   0000000140011b72     ucrt:api-ms-win-crt-heap-l1-1-0.dll
 0002:00007cf0       .idata$6                   0000000140011cf0     kernel32:KERNEL32.dll
 0003:00000780       GS_ExceptionRecord         0000000140012780     MSVCRT:gs_report.obj
 0003:00000820       GS_ContextRecord           0000000140012820     MSVCRT:gs_report.obj
 0003:00000d00       ?is_initialized_as_dll@@3_NA 0000000140012d00     MSVCRT:utility.obj
 0003:00000d01       ?module_local_atexit_table_initialized@@3_NA 0000000140012d01     MSVCRT:utility.obj
 0003:00000d08       ?module_local_atexit_table@@3U_onexit_table_t@@A 0000000140012d08     MSVCRT:utility.obj
 0003:00000d20       ?module_local_at_quick_exit_table@@3U_onexit_table_t@@A 0000000140012d20     MSVCRT:utility.obj
 0003:00000d78       ?syscall_table_initialized@@3_NA 0000000140012d78     HIGU_ntcall:syscall_table_initialize.obj
 0003:00000d80       ?used_sys_gate@cleancall@@3P6A_JIIPEA_K@ZEA 0000000140012d80     HIGU_ntcall:cleancall.obj
 0003:00000d88       ?used_gate_type@cleancall@@3W4_cleancall_gate_type@1@A 0000000140012d88     HIGU_ntcall:cleancall.obj
 0005:00000060       $R000000                   0000000140015060     * linker generated manifest res *
